Component: ARM Compiler 5.06 update 5 (build 528) Tool: armlink [4d35e2]

==============================================================================

Section Cross References

    main.o(.text) refers to stm32f10x_rcc.o(.text) for RCC_APB2PeriphClockCmd
    main.o(.text) refers to sys.o(.text) for NVIC_Configuration
    main.o(.text) refers to delay.o(.text) for delay_init
    main.o(.text) refers to usart.o(.text) for uart_init
    main.o(.text) refers to led.o(.text) for LED_Init
    main.o(.text) refers to key.o(.text) for KEY_Init
    main.o(.text) refers to tftlcd.o(.text) for InitLcd
    main.o(.text) refers to malloc.o(.text) for mem_init
    main.o(.text) refers to exfuns.o(.text) for exfuns_init
    main.o(.text) refers to flash.o(.text) for SPI_Flash_Init
    main.o(.text) refers to isp.o(.text) for ISP_init
    main.o(.text) refers to noretval__2printf.o(.text) for __2printf
    main.o(.text) refers to ff.o(.text) for f_mount
    main.o(.text) refers to llsdiv.o(.text) for __aeabi_ldivmod
    main.o(.text) refers to hw_config.o(.text) for USB_Interrupts_Config
    main.o(.text) refers to usb_init.o(.text) for USB_Init
    main.o(.text) refers to usmart_config.o(.data) for usmart_dev
    main.o(.text) refers to flash.o(.data) for SPI_FLASH_TYPE
    main.o(.text) refers to exfuns.o(.data) for fs
    main.o(.text) refers to mass_mal.o(.data) for Mass_Memory_Size
    main.o(.text) refers to memory.o(.data) for Data_Buffer
    main.o(.text) refers to usb_bot.o(.data) for Bulk_Data_Buff
    system_stm32f10x.o(.text) refers to system_stm32f10x.o(.data) for SystemCoreClock
    isp.o(.text) refers to _printf_percent.o(.ARM.Collect$$_printf_percent$$00000000) for _printf_percent
    isp.o(.text) refers to _printf_x.o(.ARM.Collect$$_printf_percent$$0000000C) for _printf_x
    isp.o(.text) refers to _printf_hex_int.o(.text) for _printf_longlong_hex
    isp.o(.text) refers to _printf_s.o(.ARM.Collect$$_printf_percent$$00000014) for _printf_s
    isp.o(.text) refers to _printf_str.o(.text) for _printf_str
    isp.o(.text) refers to _printf_d.o(.ARM.Collect$$_printf_percent$$00000009) for _printf_d
    isp.o(.text) refers to _printf_dec.o(.text) for _printf_int_dec
    isp.o(.text) refers to stm32f10x_usart.o(.text) for USART_GetITStatus
    isp.o(.text) refers to stm32f10x_rcc.o(.text) for RCC_APB1PeriphClockCmd
    isp.o(.text) refers to stm32f10x_gpio.o(.text) for GPIO_Init
    isp.o(.text) refers to misc.o(.text) for NVIC_Init
    isp.o(.text) refers to noretval__2printf.o(.text) for __2printf
    isp.o(.text) refers to malloc.o(.text) for mymalloc
    isp.o(.text) refers to ff.o(.text) for f_opendir
    isp.o(.text) refers to tftlcd.o(.text) for LCD_write_EN
    isp.o(.text) refers to key.o(.text) for KEY_Scan
    isp.o(.text) refers to delay.o(.text) for delay_ms
    isp.o(.text) refers to isp.o(.data) for USART2_RX_BUF
    isp.o(.text) refers to exfuns.o(.bss) for fileinfo
    isp.o(.text) refers to isp.o(.bss) for cfilename
    isp.o(.text) refers to exfuns.o(.data) for file
    led.o(.text) refers to stm32f10x_rcc.o(.text) for RCC_APB2PeriphClockCmd
    led.o(.text) refers to stm32f10x_gpio.o(.text) for GPIO_Init
    key.o(.text) refers to stm32f10x_rcc.o(.text) for RCC_APB2PeriphClockCmd
    key.o(.text) refers to stm32f10x_gpio.o(.text) for GPIO_PinRemapConfig
    key.o(.text) refers to delay.o(.text) for delay_ms
    key.o(.text) refers to key.o(.data) for key_up
    spi.o(.text) refers to stm32f10x_spi.o(.text) for SPI_I2S_GetFlagStatus
    spi.o(.text) refers to stm32f10x_rcc.o(.text) for RCC_APB2PeriphClockCmd
    spi.o(.text) refers to stm32f10x_gpio.o(.text) for GPIO_Init
    spi.o(.text) refers to spi.o(.bss) for SPI_InitStructure
    flash.o(.text) refers to spi.o(.text) for SPI1_ReadWriteByte
    flash.o(.text) refers to stm32f10x_rcc.o(.text) for RCC_APB2PeriphClockCmd
    flash.o(.text) refers to stm32f10x_gpio.o(.text) for GPIO_Init
    flash.o(.text) refers to delay.o(.text) for delay_us
    flash.o(.text) refers to flash.o(.data) for SPI_FLASH_TYPE
    flash.o(.text) refers to flash.o(.bss) for SPI_FLASH_BUF
    tftlcd.o(.text) refers to stm32f10x_rcc.o(.text) for RCC_APB2PeriphClockCmd
    tftlcd.o(.text) refers to stm32f10x_gpio.o(.text) for GPIO_Init
    tftlcd.o(.text) refers to delay.o(.text) for delay_ms
    tftlcd.o(.text) refers to tftlcd.o(.constdata) for ASCII7x14
    tftlcd.o(.text) refers to tftlcd.o(.data) for j
    delay.o(.text) refers to misc.o(.text) for SysTick_CLKSourceConfig
    delay.o(.text) refers to system_stm32f10x.o(.data) for SystemCoreClock
    delay.o(.text) refers to delay.o(.data) for fac_us
    sys.o(.text) refers to misc.o(.text) for NVIC_PriorityGroupConfig
    usart.o(.text) refers (Special) to use_no_semi_2.o(.text) for __use_no_semihosting
    usart.o(.text) refers to stm32f10x_rcc.o(.text) for RCC_APB2PeriphClockCmd
    usart.o(.text) refers to stm32f10x_usart.o(.text) for USART_DeInit
[...]
    UART2_SendDataPacket                     0x0800077f   Thumb Code    54  isp.o(.text)
    SearchRecentFile                         0x080007b5   Thumb Code   326  isp.o(.text)
    ProgramFault                             0x080008fb   Thumb Code    74  isp.o(.text)
    mf_GetIspStep                            0x08000945   Thumb Code     6  isp.o(.text)
    IspProcess                               0x0800094b   Thumb Code  2200  isp.o(.text)
    LED_Init                                 0x08001229   Thumb Code    72  led.o(.text)
    KEY_Init                                 0x08001279   Thumb Code    82  key.o(.text)
    KEY_Scan                                 0x080012cb   Thumb Code   154  key.o(.text)
    SPI1_ReadWriteByte                       0x08001375   Thumb Code    78  spi.o(.text)
    SPI1_Init                                0x080013c3   Thumb Code   108  spi.o(.text)
    SPI1_SetSpeed                            0x0800142f   Thumb Code    26  spi.o(.text)
    SPI_Flash_ReadID                         0x08001455   Thumb Code    64  flash.o(.text)
    SPI_Flash_Init                           0x08001495   Thumb Code    64  flash.o(.text)
    SPI_Flash_ReadSR                         0x080014d5   Thumb Code    36  flash.o(.text)
    SPI_FLASH_Write_SR                       0x080014f9   Thumb Code    32  flash.o(.text)
    SPI_FLASH_Write_Enable                   0x08001519   Thumb Code    24  flash.o(.text)
    SPI_FLASH_Write_Disable                  0x08001531   Thumb Code    24  flash.o(.text)
    SPI_Flash_Read                           0x08001549   Thumb Code    88  flash.o(.text)
    USBSPI_Flash_Read                        0x080015a1   Thumb Code    86  flash.o(.text)
    SPI_Flash_Wait_Busy                      0x080015f7   Thumb Code    18  flash.o(.text)
    SPI_Flash_Write_Page                     0x08001609   Thumb Code   100  flash.o(.text)
    SPI_Flash_Write_NoCheck                  0x0800166d   Thumb Code    70  flash.o(.text)
    SPI_Flash_Erase_Sector                   0x080016b3   Thumb Code    62  flash.o(.text)
    SPI_Flash_Write                          0x080016f1   Thumb Code   176  flash.o(.text)
    SPI_Flash_Erase_Chip                     0x080017a1   Thumb Code    36  flash.o(.text)
    SPI_Flash_PowerDown                      0x080017c5   Thumb Code    30  flash.o(.text)
    SPI_Flash_WAKEUP                         0x080017e3   Thumb Code    30  flash.o(.text)
    IO_INTI                                  0x08001815   Thumb Code    50  tftlcd.o(.text)
    SendByte                                 0x08001847   Thumb Code    64  tftlcd.o(.text)
    SPI_WriteData                            0x08001887   Thumb Code    64  tftlcd.o(.text)
    Lcd_WriteIndex                           0x080018c7   Thumb Code    22  tftlcd.o(.text)
    Lcd_WriteData                            0x080018dd   Thumb Code    22  tftlcd.o(.text)
    LCD_WriteData_16Bit                      0x080018f3   Thumb Code    28  tftlcd.o(.text)
    Lcd_Reset                                0x08001927   Thumb Code    32  tftlcd.o(.text)
    LCD_set_window                           0x08001947   Thumb Code   132  tftlcd.o(.text)
    LCD_clear                                0x080019cb   Thumb Code   862  tftlcd.o(.text)
    DrawPixel                                0x08001d29   Thumb Code    28  tftlcd.o(.text)
    DrawVerticalLine                         0x08001d45   Thumb Code    64  tftlcd.o(.text)
    DrawHorizonLine                          0x08001d85   Thumb Code    64  tftlcd.o(.text)
    DrawRect                                 0x08001dc5   Thumb Code    70  tftlcd.o(.text)
    DrawRectFill                             0x08001e0b   Thumb Code   268  tftlcd.o(.text)
    InitLcd                                  0x08001f17   Thumb Code   736  tftlcd.o(.text)
    LCD_write_EN                             0x080021f7   Thumb Code   144  tftlcd.o(.text)
    LCD_write_EN_string                      0x08002287   Thumb Code    64  tftlcd.o(.text)
    LCD_write_CN_string                      0x08002395   Thumb Code   160  tftlcd.o(.text)
    ShowImage                                0x08002435   Thumb Code    52  tftlcd.o(.text)
    delay_init                               0x0800247d   Thumb Code    50  delay.o(.text)
    delay_us                                 0x080024af   Thumb Code    72  delay.o(.text)
    delay_ms                                 0x080024f7   Thumb Code    72  delay.o(.text)
    NVIC_Configuration                       0x08002551   Thumb Code    12  sys.o(.text)
    _sys_exit                                0x0800255d   Thumb Code     6  usart.o(.text)
    fputc                                    0x08002563   Thumb Code    24  usart.o(.text)
    uart_init                                0x0800257b   Thumb Code   158  usart.o(.text)
    USART1_IRQHandler                        0x08002619   Thumb Code   122  usart.o(.text)
    Reset_Handler                            0x080026a5   Thumb Code     8  startup_stm32f10x_hd.o(.text)
    ADC1_2_IRQHandler                        0x080026bf   Thumb Code     0  startup_stm32f10x_hd.o(.text)
    ADC3_IRQHandler                          0x080026bf   Thumb Code     0  startup_stm32f10x_hd.o(.text)
    CAN1_RX1_IRQHandler                      0x080026bf   Thumb Code     0  startup_stm32f10x_hd.o(.text)
    CAN1_SCE_IRQHandler                      0x080026bf   Thumb Code     0  startup_stm32f10x_hd.o(.text)
    DMA1_Channel1_IRQHandler                 0x080026bf   Thumb Code     0  startup_stm32f10x_hd.o(.text)
    DMA1_Channel2_IRQHandler                 0x080026bf   Thumb Code     0  startup_stm32f10x_hd.o(.text)
    DMA1_Channel3_IRQHandler                 0x080026bf   Thumb Code     0  startup_stm32f10x_hd.o(.text)
    DMA1_Channel4_IRQHandler                 0x080026bf   Thumb Code     0  startup_stm32f10x_hd.o(.text)
    DMA1_Channel5_IRQHandler                 0x080026bf   Thumb Code     0  startup_stm32f10x_hd.o(.text)
    DMA1_Channel6_IRQHandler                 0x080026bf   Thumb Code     0  startup_stm32f10x_hd.o(.text)
    DMA1_Channel7_IRQHandler                 0x080026bf   Thumb Code     0  startup_stm32f10x_hd.o(.text)
    DMA2_Channel1_IRQHandler                 0x080026bf   Thumb Code     0  startup_stm32f10x_hd.o(.text)
    DMA2_Channel2_IRQHandler                 0x080026bf   Thumb Code     0  startup_stm32f10x_hd.o(.text)
    DMA2_Channel3_IRQHandler                 0x080026bf   Thumb Code     0  startup_stm32f10x_hd.o(.text)
    DMA2_Channel4_5_IRQHandler               0x080026bf   Thumb Code     0  startup_stm32f10x_hd.o(.text)
    EXTI0_IRQHandler                         0x080026bf   Thumb Code     0  startup_stm32f10x_hd.o(.text)
    EXTI15_10_IRQHandler                     0x080026bf   Thumb Code     0  startup_stm32f10x_hd.o(.text)
    EXTI1_IRQHandler                         0x080026bf   Thumb Code     0  startup_stm32f10x_hd.o(.text)
    EXTI2_IRQHandler                         0x080026bf   Thumb Code     0  startup_stm32f10x_hd.o(.text)
    EXTI3_IRQHandler                         0x080026bf   Thumb Code     0  startup_stm32f10x_hd.o(.text)
    EXTI4_IRQHandler                         0x080026bf   Thumb Code     0  startup_stm32f10x_hd.o(.text)
    EXTI9_5_IRQHandler                       0x080026bf   Thumb Code     0  startup_stm32f10x_hd.o(.text)
    FLASH_IRQHandler                         0x080026bf   Thumb Code     0  startup_stm32f10x_hd.o(.text)
    FSMC_IRQHandler                          0x080026bf   Thumb Code     0  startup_stm32f10x_hd.o(.text)
    I2C1_ER_IRQHandler                       0x080026bf   Thumb Code     0  startup_stm32f10x_hd.o(.text)
    I2C1_EV_IRQHandler                       0x080026bf   Thumb Code     0  startup_stm32f10x_hd.o(.text)
    I2C2_ER_IRQHandler                       0x080026bf   Thumb Code     0  startup_stm32f10x_hd.o(.text)
    I2C2_EV_IRQHandler                       0x080026bf   Thumb Code     0  startup_stm32f10x_hd.o(.text)
    PVD_IRQHandler                           0x080026bf   Thumb Code     0  startup_stm32f10x_hd.o(.text)
    RCC_IRQHandler                           0x080026bf   Thumb Code     0  startup_stm32f10x_hd.o(.text)
    RTCAlarm_IRQHandler                      0x080026bf   Thumb Code     0  startup_stm32f10x_hd.o(.text)
    RTC_IRQHandler                           0x080026bf   Thumb Code     0  startup_stm32f10x_hd.o(.text)
    SDIO_IRQHandler                          0x080026bf   Thumb Code     0  startup_stm32f10x_hd.o(.text)
    SPI1_IRQHandler                          0x080026bf   Thumb Code     0  startup_stm32f10x_hd.o(.text)
    SPI2_IRQHandler                          0x080026bf   Thumb Code     0  startup_stm32f10x_hd.o(.text)
    SPI3_IRQHandler                          0x080026bf   Thumb Code     0  startup_stm32f10x_hd.o(.text)
    TAMPER_IRQHandler                        0x080026bf   Thumb Code     0  startup_stm32f10x_hd.o(.text)
    TIM1_BRK_IRQHandler                      0x080026bf   Thumb Code     0  startup_stm32f10x_hd.o(.text)
    TIM1_CC_IRQHandler                       0x080026bf   Thumb Code     0  startup_stm32f10x_hd.o(.text)
    TIM1_TRG_COM_IRQHandler                  0x080026bf   Thumb Code     0  startup_stm32f10x_hd.o(.text)
    TIM1_UP_IRQHandler                       0x080026bf   Thumb Code     0  startup_stm32f10x_hd.o(.text)
    TIM2_IRQHandler                          0x080026bf   Thumb Code     0  startup_stm32f10x_hd.o(.text)
    TIM3_IRQHandler                          0x080026bf   Thumb Code     0  startup_stm32f10x_hd.o(.text)
    TIM5_IRQHandler                          0x080026bf   Thumb Code     0  startup_stm32f10x_hd.o(.text)
    TIM6_IRQHandler                          0x080026bf   Thumb Code     0  startup_stm32f10x_hd.o(.text)
    TIM7_IRQHandler                          0x080026bf   Thumb Code     0  startup_stm32f10x_hd.o(.text)
    TIM8_BRK_IRQHandler                      0x080026bf   Thumb Code     0  startup_stm32f10x_hd.o(.text)
    TIM8_CC_IRQHandler                       0x080026bf   Thumb Code     0  startup_stm32f10x_hd.o(.text)
    TIM8_TRG_COM_IRQHandler                  0x080026bf   Thumb Code     0  startup_stm32f10x_hd.o(.text)
    TIM8_UP_IRQHandler                       0x080026bf   Thumb Code     0  startup_stm32f10x_hd.o(.text)
    UART4_IRQHandler                         0x080026bf   Thumb Code     0  startup_stm32f10x_hd.o(.text)
    UART5_IRQHandler                         0x080026bf   Thumb Code     0  startup_stm32f10x_hd.o(.text)
    USART2_IRQHandler                        0x080026bf   Thumb Code     0  startup_stm32f10x_hd.o(.text)
    WWDG_IRQHandler                          0x080026bf   Thumb Code     0  startup_stm32f10x_hd.o(.text)
    __user_initial_stackheap                 0x080026c1   Thumb Code     0  startup_stm32f10x_hd.o(.text)
    GPIO_DeInit                              0x080026e5   Thumb Code   172  stm32f10x_gpio.o(.text)
    GPIO_AFIODeInit                          0x08002791   Thumb Code    20  stm32f10x_gpio.o(.text)
    GPIO_Init                                0x080027a5   Thumb Code   278  stm32f10x_gpio.o(.text)
    GPIO_StructInit                          0x080028bb   Thumb Code    16  stm32f10x_gpio.o(.text)
    GPIO_ReadInputDataBit                    0x080028cb   Thumb Code    18  stm32f10x_gpio.o(.text)
    GPIO_ReadInputData                       0x080028dd   Thumb Code     8  stm32f10x_gpio.o(.text)
    GPIO_ReadOutputDataBit                   0x080028e5   Thumb Code    18  stm32f10x_gpio.o(.text)
    GPIO_ReadOutputData                      0x080028f7   Thumb Code     8  stm32f10x_gpio.o(.text)
    GPIO_SetBits                             0x080028ff   Thumb Code     4  stm32f10x_gpio.o(.text)
    GPIO_ResetBits                           0x08002903   Thumb Code     4  stm32f10x_gpio.o(.text)
    GPIO_WriteBit                            0x08002907   Thumb Code    10  stm32f10x_gpio.o(.text)
    GPIO_Write                               0x08002911   Thumb Code     4  stm32f10x_gpio.o(.text)
    GPIO_PinLockConfig                       0x08002915   Thumb Code    18  stm32f10x_gpio.o(.text)
    GPIO_EventOutputConfig                   0x08002927   Thumb Code    26  stm32f10x_gpio.o(.text)
    GPIO_EventOutputCmd                      0x08002941   Thumb Code     6  stm32f10x_gpio.o(.text)
    GPIO_PinRemapConfig                      0x08002947   Thumb Code   138  stm32f10x_gpio.o(.text)
    GPIO_EXTILineConfig                      0x080029d1   Thumb Code    66  stm32f10x_gpio.o(.text)
    GPIO_ETH_MediaInterfaceConfig            0x08002a13   Thumb Code     8  stm32f10x_gpio.o(.text)
    RCC_DeInit                               0x08002a41   Thumb Code    64  stm32f10x_rcc.o(.text)
    RCC_HSEConfig                            0x08002a81   Thumb Code    70  stm32f10x_rcc.o(.text)
    RCC_GetFlagStatus                        0x08002ac7   Thumb Code    56  stm32f10x_rcc.o(.text)
    RCC_WaitForHSEStartUp                    0x08002aff   Thumb Code    56  stm32f10x_rcc.o(.text)
    RCC_AdjustHSICalibrationValue            0x08002b37   Thumb Code    20  stm32f10x_rcc.o(.text)
    RCC_HSICmd                               0x08002b4b   Thumb Code     6  stm32f10x_rcc.o(.text)
    RCC_PLLConfig                            0x08002b51   Thumb Code    24  stm32f10x_rcc.o(.text)
    RCC_PLLCmd                               0x08002b69   Thumb Code     6  stm32f10x_rcc.o(.text)
    RCC_SYSCLKConfig                         0x08002b6f   Thumb Code    18  stm32f10x_rcc.o(.text)
    RCC_GetSYSCLKSource                      0x08002b81   Thumb Code    10  stm32f10x_rcc.o(.text)
    RCC_HCLKConfig                           0x08002b8b   Thumb Code    18  stm32f10x_rcc.o(.text)
    RCC_PCLK1Config                          0x08002b9d   Thumb Code    18  stm32f10x_rcc.o(.text)
    RCC_PCLK2Config                          0x08002baf   Thumb Code    20  stm32f10x_rcc.o(.text)
    RCC_ITConfig                             0x08002bc3   Thumb Code    26  stm32f10x_rcc.o(.text)
    RCC_USBCLKConfig                         0x08002bdd   Thumb Code     8  stm32f10x_rcc.o(.text)
    RCC_ADCCLKConfig                         0x08002be5   Thumb Code    18  stm32f10x_rcc.o(.text)
    RCC_LSEConfig                            0x08002bf7   Thumb Code    50  stm32f10x_rcc.o(.text)
    RCC_LSICmd                               0x08002c29   Thumb Code     6  stm32f10x_rcc.o(.text)
    RCC_RTCCLKConfig                         0x08002c2f   Thumb Code    12  stm32f10x_rcc.o(.text)
    RCC_RTCCLKCmd                            0x08002c3b   Thumb Code     8  stm32f10x_rcc.o(.text)
    RCC_GetClocksFreq                        0x08002c43   Thumb Code   192  stm32f10x_rcc.o(.text)
    RCC_AHBPeriphClockCmd                    0x08002d03   Thumb Code    26  stm32f10x_rcc.o(.text)
    RCC_APB2PeriphClockCmd                   0x08002d1d   Thumb Code    26  stm32f10x_rcc.o(.text)
    RCC_APB1PeriphClockCmd                   0x08002d37   Thumb Code    26  stm32f10x_rcc.o(.text)
    RCC_APB2PeriphResetCmd                   0x08002d51   Thumb Code    26  stm32f10x_rcc.o(.text)
    RCC_APB1PeriphResetCmd                   0x08002d6b   Thumb Code    26  stm32f10x_rcc.o(.text)
    RCC_BackupResetCmd                       0x08002d85   Thumb Code     8  stm32f10x_rcc.o(.text)
    RCC_ClockSecuritySystemCmd               0x08002d8d   Thumb Code     6  stm32f10x_rcc.o(.text)
    RCC_MCOConfig                            0x08002d93   Thumb Code     6  stm32f10x_rcc.o(.text)
    RCC_ClearFlag                            0x08002d99   Thumb Code    14  stm32f10x_rcc.o(.text)
    RCC_GetITStatus                          0x08002da7   Thumb Code    20  stm32f10x_rcc.o(.text)
    RCC_ClearITPendingBit                    0x08002dbb   Thumb Code     6  stm32f10x_rcc.o(.text)
    USART_DeInit                             0x08002de5   Thumb Code   134  stm32f10x_usart.o(.text)
    USART_Init                               0x08002e6b   Thumb Code   210  stm32f10x_usart.o(.text)
    USART_StructInit                         0x08002f3d   Thumb Code    24  stm32f10x_usart.o(.text)
    USART_ClockInit                          0x08002f55   Thumb Code    34  stm32f10x_usart.o(.text)
    USART_ClockStructInit                    0x08002f77   Thumb Code    12  stm32f10x_usart.o(.text)
    USART_Cmd                                0x08002f83   Thumb Code    24  stm32f10x_usart.o(.text)
    USART_ITConfig                           0x08002f9b   Thumb Code    74  stm32f10x_usart.o(.text)
    USART_DMACmd                             0x08002fe5   Thumb Code    18  stm32f10x_usart.o(.text)
    USART_SetAddress                         0x08002ff7   Thumb Code    18  stm32f10x_usart.o(.text)
    USART_WakeUpConfig                       0x08003009   Thumb Code    18  stm32f10x_usart.o(.text)
    USART_ReceiverWakeUpCmd                  0x0800301b   Thumb Code    24  stm32f10x_usart.o(.text)
    USART_LINBreakDetectLengthConfig         0x08003033   Thumb Code    18  stm32f10x_usart.o(.text)
    USART_LINCmd                             0x08003045   Thumb Code    24  stm32f10x_usart.o(.text)
    USART_SendData                           0x0800305d   Thumb Code     8  stm32f10x_usart.o(.text)
    USART_ReceiveData                        0x08003065   Thumb Code    10  stm32f10x_usart.o(.text)
    USART_SendBreak                          0x0800306f   Thumb Code    10  stm32f10x_usart.o(.text)
    USART_SetGuardTime                       0x08003079   Thumb Code    16  stm32f10x_usart.o(.text)
    USART_SetPrescaler                       0x08003089   Thumb Code    16  stm32f10x_usart.o(.text)
    USART_SmartCardCmd                       0x08003099   Thumb Code    24  stm32f10x_usart.o(.text)
    USART_SmartCardNACKCmd                   0x080030b1   Thumb Code    24  stm32f10x_usart.o(.text)
    USART_HalfDuplexCmd                      0x080030c9   Thumb Code    24  stm32f10x_usart.o(.text)
    USART_OverSampling8Cmd                   0x080030e1   Thumb Code    22  stm32f10x_usart.o(.text)
    USART_OneBitMethodCmd                    0x080030f7   Thumb Code    24  stm32f10x_usart.o(.text)
    USART_IrDAConfig                         0x0800310f   Thumb Code    18  stm32f10x_usart.o(.text)
    USART_IrDACmd                            0x08003121   Thumb Code    24  stm32f10x_usart.o(.text)
    USART_GetFlagStatus                      0x08003139   Thumb Code    26  stm32f10x_usart.o(.text)
    USART_ClearFlag                          0x08003153   Thumb Code    18  stm32f10x_usart.o(.text)
    USART_GetITStatus                        0x08003165   Thumb Code    84  stm32f10x_usart.o(.text)
    USART_ClearITPendingBit                  0x080031b9   Thumb Code    52  stm32f10x_usart.o(.text)
    NVIC_PriorityGroupConfig                 0x080031ed   Thumb Code    10  misc.o(.text)
    NVIC_Init                                0x080031f7   Thumb Code   100  misc.o(.text)
    NVIC_SetVectorTable                      0x0800325b   Thumb Code    14  misc.o(.text)
    NVIC_SystemLPConfig                      0x08003269   Thumb Code    34  misc.o(.text)
    SysTick_CLKSourceConfig                  0x0800328b   Thumb Code    40  misc.o(.text)
    SPI_I2S_DeInit                           0x080032c9   Thumb Code    76  stm32f10x_spi.o(.text)
    SPI_Init                                 0x08003315   Thumb Code    60  stm32f10x_spi.o(.text)
    I2S_Init                                 0x08003351   Thumb Code   226  stm32f10x_spi.o(.text)
    SPI_StructInit                           0x08003433   Thumb Code    24  stm32f10x_spi.o(.text)
    I2S_StructInit                           0x0800344b   Thumb Code    20  stm32f10x_spi.o(.text)
    SPI_Cmd                                  0x0800345f   Thumb Code    24  stm32f10x_spi.o(.text)
    I2S_Cmd                                  0x08003477   Thumb Code    24  stm32f10x_spi.o(.text)
    SPI_I2S_ITConfig                         0x0800348f   Thumb Code    32  stm32f10x_spi.o(.text)
    SPI_I2S_DMACmd                           0x080034af   Thumb Code    18  stm32f10x_spi.o(.text)
    SPI_I2S_SendData                         0x080034c1   Thumb Code     4  stm32f10x_spi.o(.text)
    SPI_I2S_ReceiveData                      0x080034c5   Thumb Code     6  stm32f10x_spi.o(.text)
    SPI_NSSInternalSoftwareConfig            0x080034cb   Thumb Code    30  stm32f10x_spi.o(.text)
    SPI_SSOutputCmd                          0x080034e9   Thumb Code    24  stm32f10x_spi.o(.text)
    SPI_DataSizeConfig                       0x08003501   Thumb Code    18  stm32f10x_spi.o(.text)
    SPI_TransmitCRC                          0x08003513   Thumb Code    10  stm32f10x_spi.o(.text)
    SPI_CalculateCRC                         0x0800351d   Thumb Code    24  stm32f10x_spi.o(.text)
    SPI_GetCRC                               0x08003535   Thumb Code    16  stm32f10x_spi.o(.text)
    SPI_GetCRCPolynomial                     0x08003545   Thumb Code     6  stm32f10x_spi.o(.text)
    SPI_BiDirectionalLineConfig              0x0800354b   Thumb Code    28  stm32f10x_spi.o(.text)
    SPI_I2S_GetFlagStatus                    0x08003567   Thumb Code    18  stm32f10x_spi.o(.text)
    SPI_I2S_ClearFlag                        0x08003579   Thumb Code     6  stm32f10x_spi.o(.text)
    SPI_I2S_GetITStatus                      0x0800357f   Thumb Code    52  stm32f10x_spi.o(.text)
    SPI_I2S_ClearITPendingBit                0x080035b3   Thumb Code    20  stm32f10x_spi.o(.text)
    EXTI_DeInit                              0x080035d5   Thumb Code    28  stm32f10x_exti.o(.text)
    EXTI_Init                                0x080035f1   Thumb Code   142  stm32f10x_exti.o(.text)
    EXTI_StructInit                          0x0800367f   Thumb Code    16  stm32f10x_exti.o(.text)
    EXTI_GenerateSWInterrupt                 0x0800368f   Thumb Code    16  stm32f10x_exti.o(.text)
    EXTI_GetFlagStatus                       0x0800369f   Thumb Code    22  stm32f10x_exti.o(.text)
    EXTI_ClearFlag                           0x080036b5   Thumb Code     8  stm32f10x_exti.o(.text)
    EXTI_GetITStatus                         0x080036bd   Thumb Code    34  stm32f10x_exti.o(.text)
    EXTI_ClearITPendingBit                   0x080036df   Thumb Code     8  stm32f10x_exti.o(.text)
    TIM_DeInit                               0x080036f1   Thumb Code   424  stm32f10x_tim.o(.text)
    TIM_TimeBaseInit                         0x08003899   Thumb Code   122  stm32f10x_tim.o(.text)
    TIM_OC1Init                              0x08003913   Thumb Code   132  stm32f10x_tim.o(.text)
    TIM_OC2Init                              0x08003997   Thumb Code   154  stm32f10x_tim.o(.text)
    TIM_OC3Init                              0x08003a31   Thumb Code   150  stm32f10x_tim.o(.text)
    TIM_OC4Init                              0x08003ac7   Thumb Code   182  stm32f10x_tim.o(.text)
    TIM_SetIC4Prescaler                      0x08003b7d   Thumb Code    26  stm32f10x_tim.o(.text)
    TIM_SetIC3Prescaler                      0x08003c19   Thumb Code    18  stm32f10x_tim.o(.text)
    TIM_SetIC2Prescaler                      0x08003ca5   Thumb Code    26  stm32f10x_tim.o(.text)
    TIM_SetIC1Prescaler                      0x08003d41   Thumb Code    18  stm32f10x_tim.o(.text)
    TIM_ICInit                               0x08003dbf   Thumb Code   150  stm32f10x_tim.o(.text)
    TIM_PWMIConfig                           0x08003e55   Thumb Code   124  stm32f10x_tim.o(.text)
    TIM_BDTRConfig                           0x08003ed1   Thumb Code    32  stm32f10x_tim.o(.text)
    TIM_TimeBaseStructInit                   0x08003ef1   Thumb Code    18  stm32f10x_tim.o(.text)
    TIM_OCStructInit                         0x08003f03   Thumb Code    20  stm32f10x_tim.o(.text)
    TIM_ICStructInit                         0x08003f17   Thumb Code    18  stm32f10x_tim.o(.text)
    TIM_BDTRStructInit                       0x08003f29   Thumb Code    40  stm32f10x_tim.o(.text)
    TIM_Cmd                                  0x08003f51   Thumb Code    24  stm32f10x_tim.o(.text)
    TIM_CtrlPWMOutputs                       0x08003f69   Thumb Code    30  stm32f10x_tim.o(.text)
    TIM_ITConfig                             0x08003f87   Thumb Code    18  stm32f10x_tim.o(.text)
    TIM_GenerateEvent                        0x08003f99   Thumb Code     4  stm32f10x_tim.o(.text)
    TIM_DMAConfig                            0x08003f9d   Thumb Code    10  stm32f10x_tim.o(.text)
    TIM_DMACmd                               0x08003fa7   Thumb Code    18  stm32f10x_tim.o(.text)
    TIM_InternalClockConfig                  0x08003fb9   Thumb Code    12  stm32f10x_tim.o(.text)
    TIM_SelectInputTrigger                   0x08003fc5   Thumb Code    18  stm32f10x_tim.o(.text)
    TIM_ITRxExternalClockConfig              0x08003fd7   Thumb Code    24  stm32f10x_tim.o(.text)
    TIM_TIxExternalClockConfig               0x08003fef   Thumb Code    62  stm32f10x_tim.o(.text)
    TIM_ETRConfig                            0x0800402d   Thumb Code    28  stm32f10x_tim.o(.text)
    TIM_ETRClockMode1Config                  0x08004049   Thumb Code    54  stm32f10x_tim.o(.text)
    TIM_ETRClockMode2Config                  0x0800407f   Thumb Code    32  stm32f10x_tim.o(.text)
    TIM_PrescalerConfig                      0x0800409f   Thumb Code     6  stm32f10x_tim.o(.text)
    TIM_CounterModeConfig                    0x080040a5   Thumb Code    18  stm32f10x_tim.o(.text)
    TIM_EncoderInterfaceConfig               0x080040b7   Thumb Code    66  stm32f10x_tim.o(.text)
    TIM_ForcedOC1Config                      0x080040f9   Thumb Code    18  stm32f10x_tim.o(.text)
    TIM_ForcedOC2Config                      0x0800410b   Thumb Code    26  stm32f10x_tim.o(.text)
    TIM_ForcedOC3Config                      0x08004125   Thumb Code    18  stm32f10x_tim.o(.text)
    TIM_ForcedOC4Config                      0x08004137   Thumb Code    26  stm32f10x_tim.o(.text)
    TIM_ARRPreloadConfig                     0x08004151   Thumb Code    24  stm32f10x_tim.o(.text)
    TIM_SelectCOM                            0x08004169   Thumb Code    24  stm32f10x_tim.o(.text)
    TIM_SelectCCDMA                          0x08004181   Thumb Code    24  stm32f10x_tim.o(.text)
    TIM_CCPreloadControl                     0x08004199   Thumb Code    24  stm32f10x_tim.o(.text)
    TIM_OC1PreloadConfig                     0x080041b1   Thumb Code    18  stm32f10x_tim.o(.text)
    TIM_OC2PreloadConfig                     0x080041c3   Thumb Code    26  stm32f10x_tim.o(.text)
    TIM_OC3PreloadConfig                     0x080041dd   Thumb Code    18  stm32f10x_tim.o(.text)
    TIM_OC4PreloadConfig                     0x080041ef   Thumb Code    26  stm32f10x_tim.o(.text)
    TIM_OC1FastConfig                        0x08004209   Thumb Code    18  stm32f10x_tim.o(.text)
    TIM_OC2FastConfig                        0x0800421b   Thumb Code    26  stm32f10x_tim.o(.text)
    TIM_OC3FastConfig                        0x08004235   Thumb Code    18  stm32f10x_tim.o(.text)
    TIM_OC4FastConfig                        0x08004247   Thumb Code    26  stm32f10x_tim.o(.text)
    TIM_ClearOC1Ref                          0x08004261   Thumb Code    18  stm32f10x_tim.o(.text)
    TIM_ClearOC2Ref                          0x08004273   Thumb Code    24  stm32f10x_tim.o(.text)
    TIM_ClearOC3Ref                          0x0800428b   Thumb Code    18  stm32f10x_tim.o(.text)
    TIM_ClearOC4Ref                          0x0800429d   Thumb Code    24  stm32f10x_tim.o(.text)
    TIM_OC1PolarityConfig                    0x080042b5   Thumb Code    18  stm32f10x_tim.o(.text)
    TIM_OC1NPolarityConfig                   0x080042c7   Thumb Code    18  stm32f10x_tim.o(.text)
    TIM_OC2PolarityConfig                    0x080042d9   Thumb Code    26  stm32f10x_tim.o(.text)
    TIM_OC2NPolarityConfig                   0x080042f3   Thumb Code    26  stm32f10x_tim.o(.text)
    TIM_OC3PolarityConfig                    0x0800430d   Thumb Code    26  stm32f10x_tim.o(.text)
    TIM_OC3NPolarityConfig                   0x08004327   Thumb Code    26  stm32f10x_tim.o(.text)
    TIM_OC4PolarityConfig                    0x08004341   Thumb Code    26  stm32f10x_tim.o(.text)
    TIM_CCxCmd                               0x0800435b   Thumb Code    30  stm32f10x_tim.o(.text)
    TIM_CCxNCmd                              0x08004379   Thumb Code    30  stm32f10x_tim.o(.text)
    TIM_SelectOCxM                           0x08004397   Thumb Code    82  stm32f10x_tim.o(.text)
    TIM_UpdateDisableConfig                  0x080043e9   Thumb Code    24  stm32f10x_tim.o(.text)
    TIM_UpdateRequestConfig                  0x08004401   Thumb Code    24  stm32f10x_tim.o(.text)
    TIM_SelectHallSensor                     0x08004419   Thumb Code    24  stm32f10x_tim.o(.text)
    TIM_SelectOnePulseMode                   0x08004431   Thumb Code    18  stm32f10x_tim.o(.text)
    TIM_SelectOutputTrigger                  0x08004443   Thumb Code    18  stm32f10x_tim.o(.text)
    TIM_SelectSlaveMode                      0x08004455   Thumb Code    18  stm32f10x_tim.o(.text)
    TIM_SelectMasterSlaveMode                0x08004467   Thumb Code    18  stm32f10x_tim.o(.text)
    TIM_SetCounter                           0x08004479   Thumb Code     4  stm32f10x_tim.o(.text)
    TIM_SetAutoreload                        0x0800447d   Thumb Code     4  stm32f10x_tim.o(.text)
    TIM_SetCompare1                          0x08004481   Thumb Code     4  stm32f10x_tim.o(.text)
    TIM_SetCompare2                          0x08004485   Thumb Code     4  stm32f10x_tim.o(.text)
    TIM_SetCompare3                          0x08004489   Thumb Code     4  stm32f10x_tim.o(.text)
    TIM_SetCompare4                          0x0800448d   Thumb Code     6  stm32f10x_tim.o(.text)
    TIM_SetClockDivision                     0x08004493   Thumb Code    18  stm32f10x_tim.o(.text)
    TIM_GetCapture1                          0x080044a5   Thumb Code     6  stm32f10x_tim.o(.text)
    TIM_GetCapture2                          0x080044ab   Thumb Code     6  stm32f10x_tim.o(.text)
    TIM_GetCapture3                          0x080044b1   Thumb Code     6  stm32f10x_tim.o(.text)
    TIM_GetCapture4                          0x080044b7   Thumb Code     8  stm32f10x_tim.o(.text)
    TIM_GetCounter                           0x080044bf   Thumb Code     6  stm32f10x_tim.o(.text)
    TIM_GetPrescaler                         0x080044c5   Thumb Code     6  stm32f10x_tim.o(.text)
    TIM_GetFlagStatus                        0x080044cb   Thumb Code    18  stm32f10x_tim.o(.text)
    TIM_ClearFlag                            0x080044dd   Thumb Code     6  stm32f10x_tim.o(.text)
    TIM_GetITStatus                          0x080044e3   Thumb Code    34  stm32f10x_tim.o(.text)
    TIM_ClearITPendingBit                    0x08004505   Thumb Code     6  stm32f10x_tim.o(.text)
    mymemcpy                                 0x0800450d   Thumb Code    26  malloc.o(.text)
    mymemset                                 0x08004527   Thumb Code    20  malloc.o(.text)
    mem_init                                 0x0800453b   Thumb Code    38  malloc.o(.text)
    mem_perused                              0x08004561   Thumb Code    42  malloc.o(.text)
    mem_malloc                               0x0800458b   Thumb Code   116  malloc.o(.text)
    mem_free                                 0x080045ff   Thumb Code    66  malloc.o(.text)
    myfree                                   0x08004641   Thumb Code    24  malloc.o(.text)
    mymalloc                                 0x08004659   Thumb Code    28  malloc.o(.text)
    myrealloc                                0x08004675   Thumb Code    50  malloc.o(.text)
    Standard_GetConfiguration                0x080046ad   Thumb Code    34  usb_core.o(.text)
    Standard_SetConfiguration                0x080046cf   Thumb Code    60  usb_core.o(.text)
    Standard_GetInterface                    0x0800470b   Thumb Code    34  usb_core.o(.text)
    Standard_SetInterface                    0x0800472d   Thumb Code    96  usb_core.o(.text)
    Standard_GetStatus                       0x0800478d   Thumb Code   238  usb_core.o(.text)
    Standard_ClearFeature                    0x0800487b   Thumb Code   342  usb_core.o(.text)
    Standard_SetEndPointFeature              0x080049d1   Thumb Code   220  usb_core.o(.text)
    Standard_SetDeviceFeature                0x08004aad   Thumb Code    30  usb_core.o(.text)
    Standard_GetDescriptorData               0x08004acb   Thumb Code    32  usb_core.o(.text)
    Post0_Process                            0x08004fff   Thumb Code    54  usb_core.o(.text)
    Setup0_Process                           0x08005035   Thumb Code   170  usb_core.o(.text)
    SetDeviceAddress                         0x080050df   Thumb Code    70  usb_core.o(.text)
    In0_Process                              0x08005125   Thumb Code    98  usb_core.o(.text)
    Out0_Process                             0x08005187   Thumb Code    70  usb_core.o(.text)
    NOP_Process                              0x080051cd   Thumb Code     2  usb_core.o(.text)
    USB_Init                                 0x080051fd   Thumb Code    36  usb_init.o(.text)
    CTR_LP                                   0x08005239   Thumb Code   616  usb_int.o(.text)
    CTR_HP                                   0x080054a1   Thumb Code   178  usb_int.o(.text)
    UserToPMABufferCopy                      0x08005575   Thumb Code    52  usb_mem.o(.text)
    PMAToUserBufferCopy                      0x080055a9   Thumb Code    34  usb_mem.o(.text)
    SetCNTR                                  0x080055d1   Thumb Code     6  usb_regs.o(.text)
    GetCNTR                                  0x080055d7   Thumb Code     8  usb_regs.o(.text)
    SetISTR                                  0x080055df   Thumb Code     8  usb_regs.o(.text)
    GetISTR                                  0x080055e7   Thumb Code    10  usb_regs.o(.text)
    GetFNR                                   0x080055f1   Thumb Code    10  usb_regs.o(.text)
    SetDADDR                                 0x080055fb   Thumb Code     8  usb_regs.o(.text)
    GetDADDR                                 0x08005603   Thumb Code    10  usb_regs.o(.text)
    SetBTABLE                                0x0800560d   Thumb Code    14  usb_regs.o(.text)
    GetBTABLE                                0x0800561b   Thumb Code    10  usb_regs.o(.text)
    SetENDPOINT                              0x08005625   Thumb Code    12  usb_regs.o(.text)
    GetENDPOINT                              0x08005631   Thumb Code    16  usb_regs.o(.text)
    SetEPType                                0x08005641   Thumb Code    32  usb_regs.o(.text)
    GetEPType                                0x08005661   Thumb Code    18  usb_regs.o(.text)
    SetEPTxStatus                            0x08005673   Thumb Code    60  usb_regs.o(.text)
    SetEPRxStatus                            0x080056af   Thumb Code    60  usb_regs.o(.text)
    SetDouBleBuffEPStall                     0x080056eb   Thumb Code    54  usb_regs.o(.text)
    GetEPTxStatus                            0x08005721   Thumb Code    18  usb_regs.o(.text)
    GetEPRxStatus                            0x08005733   Thumb Code    18  usb_regs.o(.text)
    SetEPTxValid                             0x08005745   Thumb Code    48  usb_regs.o(.text)
    SetEPRxValid                             0x08005775   Thumb Code    48  usb_regs.o(.text)
    SetEP_KIND                               0x080057a5   Thumb Code    38  usb_regs.o(.text)
    ClearEP_KIND                             0x080057cb   Thumb Code    34  usb_regs.o(.text)
    Clear_Status_Out                         0x080057ed   Thumb Code    34  usb_regs.o(.text)
    Set_Status_Out                           0x0800580f   Thumb Code    38  usb_regs.o(.text)
    SetEPDoubleBuff                          0x08005835   Thumb Code    38  usb_regs.o(.text)
    ClearEPDoubleBuff                        0x0800585b   Thumb Code    34  usb_regs.o(.text)
    GetTxStallStatus                         0x0800587d   Thumb Code    28  usb_regs.o(.text)
    GetRxStallStatus                         0x08005899   Thumb Code    30  usb_regs.o(.text)
    ClearEP_CTR_RX                           0x080058b7   Thumb Code    32  usb_regs.o(.text)
    ClearEP_CTR_TX                           0x080058d7   Thumb Code    28  usb_regs.o(.text)
    ToggleDTOG_RX                            0x080058f3   Thumb Code    34  usb_regs.o(.text)
    ToggleDTOG_TX                            0x08005915   Thumb Code    34  usb_regs.o(.text)
    ClearDTOG_RX                             0x08005937   Thumb Code    48  usb_regs.o(.text)
    ClearDTOG_TX                             0x08005967   Thumb Code    48  usb_regs.o(.text)
    SetEPAddress                             0x08005997   Thumb Code    46  usb_regs.o(.text)
    GetEPAddress                             0x080059c5   Thumb Code    18  usb_regs.o(.text)
    SetEPTxAddr                              0x080059d7   Thumb Code    24  usb_regs.o(.text)
    SetEPRxAddr                              0x080059ef   Thumb Code    26  usb_regs.o(.text)
    GetEPTxAddr                              0x08005a09   Thumb Code    22  usb_regs.o(.text)
    GetEPRxAddr                              0x08005a1f   Thumb Code    24  usb_regs.o(.text)
    SetEPTxCount                             0x08005a37   Thumb Code    20  usb_regs.o(.text)
    SetEPCountRxReg                          0x08005a4b   Thumb Code    48  usb_regs.o(.text)
    SetEPRxCount                             0x08005a7b   Thumb Code    68  usb_regs.o(.text)
    GetEPTxCount                             0x08005abf   Thumb Code    26  usb_regs.o(.text)
    GetEPRxCount                             0x08005ad9   Thumb Code    26  usb_regs.o(.text)
    SetEPDblBuffAddr                         0x08005af3   Thumb Code    44  usb_regs.o(.text)
    SetEPDblBuf0Addr                         0x08005b1f   Thumb Code    24  usb_regs.o(.text)
    SetEPDblBuf1Addr                         0x08005b37   Thumb Code    26  usb_regs.o(.text)
    GetEPDblBuf0Addr                         0x08005b51   Thumb Code    22  usb_regs.o(.text)
    GetEPDblBuf1Addr                         0x08005b67   Thumb Code    24  usb_regs.o(.text)
    SetEPDblBuffCount                        0x08005b7f   Thumb Code   186  usb_regs.o(.text)
    SetEPDblBuf0Count                        0x08005c39   Thumb Code    96  usb_regs.o(.text)
    SetEPDblBuf1Count                        0x08005c99   Thumb Code    96  usb_regs.o(.text)
    GetEPDblBuf0Count                        0x08005cf9   Thumb Code    26  usb_regs.o(.text)
    GetEPDblBuf1Count                        0x08005d13   Thumb Code    26  usb_regs.o(.text)
    GetEPDblBufDir                           0x08005d2d   Thumb Code    62  usb_regs.o(.text)
    FreeUserBuffer                           0x08005d6b   Thumb Code    90  usb_regs.o(.text)
    ToWord                                   0x08005dc5   Thumb Code     8  usb_regs.o(.text)
    ByteSwap                                 0x08005dcd   Thumb Code    12  usb_regs.o(.text)
    USB_SIL_Init                             0x08005dd9   Thumb Code    28  usb_sil.o(.text)
    USB_SIL_Write                            0x08005df5   Thumb Code    46  usb_sil.o(.text)
    USB_SIL_Read                             0x08005e23   Thumb Code    46  usb_sil.o(.text)
    Set_USBClock                             0x08005e59   Thumb Code    24  hw_config.o(.text)
    Enter_LowPowerMode                       0x08005e71   Thumb Code     8  hw_config.o(.text)
    Leave_LowPowerMode                       0x08005e79   Thumb Code    22  hw_config.o(.text)
    USB_Interrupts_Config                    0x08005e8f   Thumb Code    92  hw_config.o(.text)
    Led_RW_ON                                0x08005eeb   Thumb Code     8  hw_config.o(.text)
    Led_RW_OFF                               0x08005ef3   Thumb Code     8  hw_config.o(.text)
    USB_Configured_LED                       0x08005efb   Thumb Code     2  hw_config.o(.text)
    USB_NotConfigured_LED                    0x08005efd   Thumb Code     2  hw_config.o(.text)
    Get_SerialNum                            0x08005f3d   Thumb Code    42  hw_config.o(.text)
    MAL_Config                               0x08005f67   Thumb Code    10  hw_config.o(.text)
    USB_Disconnect_Config                    0x08005f71   Thumb Code     2  hw_config.o(.text)
    MAL_Init                                 0x08005f8d   Thumb Code    18  mass_mal.o(.text)
    MAL_Write                                0x08005f9f   Thumb Code    46  mass_mal.o(.text)
    MAL_Read                                 0x08005fcd   Thumb Code    46  mass_mal.o(.text)
    MAL_GetStatus                            0x08005ffb   Thumb Code    12  mass_mal.o(.text)
    Read_Memory                              0x08006009   Thumb Code   258  memory.o(.text)
    Write_Memory                             0x0800610b   Thumb Code   282  memory.o(.text)
    USB_HP_CAN1_TX_IRQHandler                0x08006265   Thumb Code     8  stm32_it.o(.text)
    USB_LP_CAN1_RX0_IRQHandler               0x0800626d   Thumb Code     8  stm32_it.o(.text)
    USBWakeUp_IRQHandler                     0x08006275   Thumb Code    12  stm32_it.o(.text)
    Set_CSW                                  0x08006281   Thumb Code    46  usb_bot.o(.text)
    Mass_Storage_In                          0x080062af   Thumb Code   146  usb_bot.o(.text)
    Bot_Abort                                0x08006341   Thumb Code    64  usb_bot.o(.text)
    CBW_Decode                               0x08006381   Thumb Code   678  usb_bot.o(.text)
    Mass_Storage_Out                         0x08006627   Thumb Code   190  usb_bot.o(.text)
    Transfer_Data_Request                    0x080066e5   Thumb Code    46  usb_bot.o(.text)
    EP1_IN_Callback                          0x08006721   Thumb Code     8  usb_endp.o(.text)
    EP2_OUT_Callback                         0x08006729   Thumb Code     8  usb_endp.o(.text)
    USB_Istr                                 0x08006731   Thumb Code   222  usb_istr.o(.text)
    MASS_init                                0x08006829   Thumb Code    30  usb_prop.o(.text)
    MASS_Reset                               0x08006847   Thumb Code   208  usb_prop.o(.text)
    Mass_Storage_SetConfiguration            0x08006917   Thumb Code    36  usb_prop.o(.text)
    Mass_Storage_ClearFeature                0x0800693b   Thumb Code    20  usb_prop.o(.text)
    Mass_Storage_SetDeviceAddress            0x0800694f   Thumb Code     8  usb_prop.o(.text)
    MASS_Status_In                           0x08006957   Thumb Code     2  usb_prop.o(.text)
    MASS_Status_Out                          0x08006959   Thumb Code     2  usb_prop.o(.text)
    Get_Max_Lun                              0x0800695b   Thumb Code    20  usb_prop.o(.text)
    MASS_Data_Setup                          0x0800696f   Thumb Code    88  usb_prop.o(.text)
    MASS_NoData_Setup                        0x080069c7   Thumb Code    76  usb_prop.o(.text)
    MASS_Get_Interface_Setting               0x08006a13   Thumb Code    22  usb_prop.o(.text)
    MASS_GetDeviceDescriptor                 0x08006a29   Thumb Code    14  usb_prop.o(.text)
    MASS_GetConfigDescriptor                 0x08006a37   Thumb Code    14  usb_prop.o(.text)
    MASS_GetStringDescriptor                 0x08006a45   Thumb Code    32  usb_prop.o(.text)
    PowerOn                                  0x08006a95   Thumb Code    46  usb_pwr.o(.text)
    PowerOff                                 0x08006ac3   Thumb Code    22  usb_pwr.o(.text)
    Suspend                                  0x08006ad9   Thumb Code    34  usb_pwr.o(.text)
    Resume_Init                              0x08006afb   Thumb Code    30  usb_pwr.o(.text)
    Resume                                   0x08006b19   Thumb Code   194  usb_pwr.o(.text)
    SCSI_Inquiry_Cmd                         0x08006bed   Thumb Code    54  usb_scsi.o(.text)
    Set_Scsi_Sense_Data                      0x08006c23   Thumb Code     8  usb_scsi.o(.text)
    SCSI_ReadFormatCapacity_Cmd              0x08006c2b   Thumb Code   120  usb_scsi.o(.text)
    SCSI_ReadCapacity10_Cmd                  0x08006ca3   Thumb Code   138  usb_scsi.o(.text)
    SCSI_ModeSense6_Cmd                      0x08006d2d   Thumb Code    14  usb_scsi.o(.text)
    SCSI_ModeSense10_Cmd                     0x08006d3b   Thumb Code    14  usb_scsi.o(.text)
    SCSI_RequestSense_Cmd                    0x08006d49   Thumb Code    30  usb_scsi.o(.text)
    SCSI_Start_Stop_Unit_Cmd                 0x08006d67   Thumb Code    14  usb_scsi.o(.text)
    SCSI_Address_Management                  0x08006d75   Thumb Code   126  usb_scsi.o(.text)
    SCSI_Read10_Cmd                          0x08006df3   Thumb Code   110  usb_scsi.o(.text)
    SCSI_Write10_Cmd                         0x08006e61   Thumb Code   110  usb_scsi.o(.text)
    SCSI_Verify10_Cmd                        0x08006ecf   Thumb Code    58  usb_scsi.o(.text)
    SCSI_Valid_Cmd                           0x08006f09   Thumb Code    48  usb_scsi.o(.text)
    SCSI_TestUnitReady_Cmd                   0x08006f39   Thumb Code    52  usb_scsi.o(.text)
    SCSI_Format_Cmd                          0x08006f6d   Thumb Code    44  usb_scsi.o(.text)
    SCSI_Invalid_Cmd                         0x08006f99   Thumb Code   112  usb_scsi.o(.text)
    exfuns_init                              0x08007009   Thumb Code    64  exfuns.o(.text)
    char_upper                               0x08007049   Thumb Code    26  exfuns.o(.text)
    f_typetell                               0x08007063   Thumb Code   188  exfuns.o(.text)
    exf_getfree                              0x0800711f   Thumb Code   102  exfuns.o(.text)
    mf_mount                                 0x08007195   Thumb Code    20  fattester.o(.text)
    mf_open                                  0x080071a9   Thumb Code    24  fattester.o(.text)
    mf_close                                 0x080071c1   Thumb Code    14  fattester.o(.text)
    mf_read                                  0x080071cf   Thumb Code   218  fattester.o(.text)
    mf_write                                 0x080072a9   Thumb Code    68  fattester.o(.text)
    mf_opendir                               0x080072ed   Thumb Code    14  fattester.o(.text)
    mf_closedir                              0x080072fb   Thumb Code    10  fattester.o(.text)
    mf_readdir                               0x08007305   Thumb Code   196  fattester.o(.text)
    mf_scan_files                            0x080073c9   Thumb Code   114  fattester.o(.text)
    mf_showfree                              0x0800743b   Thumb Code   116  fattester.o(.text)
    mf_lseek                                 0x080074af   Thumb Code    16  fattester.o(.text)
    mf_tell                                  0x080074bf   Thumb Code     8  fattester.o(.text)
    mf_size                                  0x080074c7   Thumb Code     8  fattester.o(.text)
    mf_mkdir                                 0x080074cf   Thumb Code    12  fattester.o(.text)
    mf_fmkfs                                 0x080074db   Thumb Code    20  fattester.o(.text)
    mf_unlink                                0x080074ef   Thumb Code    12  fattester.o(.text)
    mf_rename                                0x080074fb   Thumb Code    16  fattester.o(.text)
    mf_getlabel                              0x0800750b   Thumb Code    58  fattester.o(.text)
    mf_setlabel                              0x08007545   Thumb Code    34  fattester.o(.text)
    mf_gets                                  0x08007567   Thumb Code   646  fattester.o(.text)
    mf_putc                                  0x080077ed   Thumb Code    18  fattester.o(.text)
    mf_puts                                  0x080077ff   Thumb Code    18  fattester.o(.text)
    disk_initialize                          0x08007831   Thumb Code    58  diskio.o(.text)
    disk_status                              0x0800786b   Thumb Code     6  diskio.o(.text)
    disk_read                                0x08007871   Thumb Code    78  diskio.o(.text)
    disk_write                               0x080078bf   Thumb Code    78  diskio.o(.text)
    disk_ioctl                               0x0800790d   Thumb Code    64  diskio.o(.text)
    get_fattime                              0x0800794d   Thumb Code     4  diskio.o(.text)
    ff_memalloc                              0x08007951   Thumb Code    12  diskio.o(.text)
    ff_memfree                               0x0800795d   Thumb Code    12  diskio.o(.text)
    clust2sect                               0x08007b1f   Thumb Code    26  ff.o(.text)
    get_fat                                  0x08007b39   Thumb Code   306  ff.o(.text)
    put_fat                                  0x08007c6b   Thumb Code   384  ff.o(.text)
    f_mount                                  0x0800907b   Thumb Code    86  ff.o(.text)
    f_open                                   0x080090d1   Thumb Code   384  ff.o(.text)
    f_read                                   0x08009251   Thumb Code   500  ff.o(.text)
    f_write                                  0x08009445   Thumb Code   546  ff.o(.text)
    f_sync                                   0x08009667   Thumb Code   176  ff.o(.text)
    f_close                                  0x08009717   Thumb Code    32  ff.o(.text)
    f_lseek                                  0x08009737   Thumb Code   696  ff.o(.text)
    f_opendir                                0x080099ef   Thumb Code   136  ff.o(.text)
    f_closedir                               0x08009a77   Thumb Code    22  ff.o(.text)
    f_readdir                                0x08009a8d   Thumb Code   114  ff.o(.text)
    f_stat                                   0x08009aff   Thumb Code    84  ff.o(.text)
    f_getfree                                0x08009b53   Thumb Code   258  ff.o(.text)
    f_truncate                               0x08009c55   Thumb Code   184  ff.o(.text)
    f_unlink                                 0x08009d0d   Thumb Code   194  ff.o(.text)
    f_mkdir                                  0x08009dcf   Thumb Code   380  ff.o(.text)
    f_chmod                                  0x08009f4b   Thumb Code   112  ff.o(.text)
    f_utime                                  0x08009fbb   Thumb Code   110  ff.o(.text)
    f_rename                                 0x0800a029   Thumb Code   314  ff.o(.text)
    f_getlabel                               0x0800a163   Thumb Code   190  ff.o(.text)
    f_setlabel                               0x0800a221   Thumb Code   482  ff.o(.text)
    f_mkfs                                   0x0800a403   Thumb Code  1618  ff.o(.text)
    f_gets                                   0x0800aa55   Thumb Code    82  ff.o(.text)
    f_putc                                   0x0800aaeb   Thumb Code   122  ff.o(.text)
    f_puts                                   0x0800ab65   Thumb Code    74  ff.o(.text)
    f_printf                                 0x0800abaf   Thumb Code   628  ff.o(.text)
    ff_convert                               0x0800ae25   Thumb Code   116  cc932.o(.text)
    ff_wtoupper                              0x0800ae99   Thumb Code    46  cc932.o(.text)
    usmart_sys_cmd_exe                       0x0800aed9   Thumb Code  1554  usmart.o(.text)
    usmart_reset_runtime                     0x0800b4eb   Thumb Code    38  usmart.o(.text)
    usmart_get_runtime                       0x0800b511   Thumb Code    56  usmart.o(.text)
    TIM4_IRQHandler                          0x0800b549   Thumb Code    50  usmart.o(.text)
    Timer4_Init                              0x0800b57b   Thumb Code    94  usmart.o(.text)
    usmart_init                              0x0800b5d9   Thumb Code    36  usmart.o(.text)
    usmart_cmd_rec                           0x0800b5fd   Thumb Code   170  usmart.o(.text)
    usmart_exe                               0x0800b6a7   Thumb Code   872  usmart.o(.text)
    usmart_scan                              0x0800ba0f   Thumb Code   120  usmart.o(.text)
    read_addr                                0x0800ba87   Thumb Code     6  usmart.o(.text)
    write_addr                               0x0800ba8d   Thumb Code     4  usmart.o(.text)
    usmart_strcmp                            0x0800bb19   Thumb Code    34  usmart_str.o(.text)
    usmart_strcopy                           0x0800bb3b   Thumb Code    22  usmart_str.o(.text)
    usmart_strlen                            0x0800bb51   Thumb Code    24  usmart_str.o(.text)
    usmart_pow                               0x0800bb69   Thumb Code    22  usmart_str.o(.text)
    usmart_str2num                           0x0800bb7f   Thumb Code   202  usmart_str.o(.text)
    usmart_get_cmdname                       0x0800bc49   Thumb Code    54  usmart_str.o(.text)
    usmart_search_nextc                      0x0800bc7f   Thumb Code    22  usmart_str.o(.text)
    usmart_get_fname                         0x0800bc95   Thumb Code   440  usmart_str.o(.text)
    usmart_get_aparm                         0x0800be4d   Thumb Code   200  usmart_str.o(.text)
    usmart_get_parmpos                       0x0800bf15   Thumb Code    26  usmart_str.o(.text)
    usmart_get_fparam                        0x0800bf2f   Thumb Code   262  usmart_str.o(.text)
    __use_no_semihosting                     0x0800c041   Thumb Code     2  use_no_semi_2.o(.text)
    __aeabi_ldivmod                          0x0800c043   Thumb Code     0  llsdiv.o(.text)
    _ll_sdiv                                 0x0800c043   Thumb Code    72  llsdiv.o(.text)
    __2printf                                0x0800c08d   Thumb Code    20  noretval__2printf.o(.text)
    _printf_pre_padding                      0x0800c0a5   Thumb Code    44  _printf_pad.o(.text)
    _printf_post_padding                     0x0800c0d1   Thumb Code    34  _printf_pad.o(.text)
    _printf_str                              0x0800c0f3   Thumb Code    82  _printf_str.o(.text)
    _printf_int_dec                          0x0800c145   Thumb Code   104  _printf_dec.o(.text)
    _printf_int_hex                          0x0800c1bd   Thumb Code    84  _printf_hex_int.o(.text)
    _printf_longlong_hex                     0x0800c1bd   Thumb Code     0  _printf_hex_int.o(.text)
    __printf                                 0x0800c215   Thumb Code   388  __printf_flags_ss_wp.o(.text)
    strcpy                                   0x0800c39d   Thumb Code    72  strcpy.o(.text)
    strcmp                                   0x0800c3e5   Thumb Code   128  strcmpv7m.o(.text)
    __use_two_region_memory                  0x0800c465   Thumb Code     2  heapauxi.o(.text)
    __rt_heap_escrow$2region                 0x0800c467   Thumb Code     2  heapauxi.o(.text)
    __rt_heap_expand$2region                 0x0800c469   Thumb Code     2  heapauxi.o(.text)
    __I$use$semihosting                      0x0800c46b   Thumb Code     0  use_no_semi.o(.text)
    __use_no_semihosting_swi                 0x0800c46b   Thumb Code     2  use_no_semi.o(.text)
    __aeabi_uldivmod                         0x0800c46d   Thumb Code     0  lludivv7m.o(.text)
    _ll_udiv                                 0x0800c46d   Thumb Code   238  lludivv7m.o(.text)
    _printf_int_common                       0x0800c55b   Thumb Code   178  _printf_intcommon.o(.text)
    _printf_cs_common                        0x0800c60d   Thumb Code    20  _printf_char.o(.text)
    _printf_char                             0x0800c621   Thumb Code    16  _printf_char.o(.text)
    _printf_string                           0x0800c631   Thumb Code     8  _printf_char.o(.text)
    _printf_char_file                        0x0800c639   Thumb Code    32  _printf_char_file.o(.text)
    _printf_char_common                      0x0800c667   Thumb Code    32  _printf_char_common.o(.text)
    ferror                                   0x0800c68d   Thumb Code     8  ferror.o(.text)
    __user_setup_stackheap                   0x0800c695   Thumb Code    74  sys_stackheap_outer.o(.text)
    exit                                     0x0800c6df   Thumb Code    18  exit.o(.text)
    __user_libspace                          0x0800c6f1   Thumb Code     8  libspace.o(.text)
    __user_perproc_libspace                  0x0800c6f1   Thumb Code     0  libspace.o(.text)
    __user_perthread_libspace                0x0800c6f1   Thumb Code     0  libspace.o(.text)
    _is_digit                                0x0800c6f9   Thumb Code    14  __printf_wp.o(i._is_digit)
    CN14x14_Index                            0x0800c706   Data          81  tftlcd.o(.constdata)
    CN14x14                                  0x0800c757   Data        1120  tftlcd.o(.constdata)
    ASCII7x14                                0x0800cbb7   Data        1288  tftlcd.o(.constdata)
    MASS_DeviceDescriptor                    0x0800d0bf   Data          18  usb_desc.o(.constdata)
    MASS_ConfigDescriptor                    0x0800d0d1   Data          32  usb_desc.o(.constdata)
    MASS_StringLangID                        0x0800d0f1   Data           4  usb_desc.o(.constdata)
    MASS_StringVendor                        0x0800d0f5   Data          26  usb_desc.o(.constdata)
    MASS_StringProduct                       0x0800d10f   Data          32  usb_desc.o(.constdata)
    MASS_StringInterface                     0x0800d12f   Data          16  usb_desc.o(.constdata)
    Region$$Table$$Base                      0x0801bfc0   Number         0  anon$$obj.o(Region$$Table)
    Region$$Table$$Limit                     0x0801bfe0   Number         0  anon$$obj.o(Region$$Table)
    SystemCoreClock                          0x20000000   Data           4  system_stm32f10x.o(.data)
    AHBPrescTable                            0x20000004   Data          16  system_stm32f10x.o(.data)
    USART2_RX_BUF                            0x20000014   Data           5  isp.o(.data)
    USART2_RX_STA                            0x20000019   Data           1  isp.o(.data)
    ucISP_Step                               0x2000001a   Data           1  isp.o(.data)
    bISP_ConnectSuccessful                   0x2000001b   Data           1  isp.o(.data)
    bProgramFault                            0x2000001c   Data           1  isp.o(.data)
    ucConnectNum                             0x2000001d   Data           1  isp.o(.data)
    ulAddressBase                            0x20000020   Data           4  isp.o(.data)
    ulAddressOffset                          0x20000024   Data           4  isp.o(.data)
    uiISP_SendPacket                         0x20000028   Data           2  isp.o(.data)
    ucISP_SendEndPacByte                     0x2000002a   Data           1  isp.o(.data)
    ucISP_SendByteFill                       0x2000002b   Data           1  isp.o(.data)
    cfilenamelen                             0x2000002c   Data           1  isp.o(.data)
    SPI_FLASH_TYPE                           0x20000032   Data           2  flash.o(.data)
    __stdout                                 0x2000003c   Data           4  usart.o(.data)
    USART_RX_STA                             0x20000040   Data           2  usart.o(.data)
    mallco_dev                               0x20000058   Data          20  malloc.o(.data)
    StatusInfo                               0x2000006c   Data           2  usb_core.o(.data)
    Data_Mul_MaxPacketSize                   0x2000006e   Data           1  usb_core.o(.data)
    EPindex                                  0x20000070   Data           1  usb_init.o(.data)
    pInformation                             0x20000074   Data           4  usb_init.o(.data)
    pProperty                                0x20000078   Data           4  usb_init.o(.data)
    SaveState                                0x2000007c   Data           2  usb_init.o(.data)
    wInterrupt_Mask                          0x2000007e   Data           2  usb_init.o(.data)
    pUser_Standard_Requests                  0x20000080   Data           4  usb_init.o(.data)
    SaveRState                               0x20000084   Data           2  usb_int.o(.data)
    SaveTState                               0x20000086   Data           2  usb_int.o(.data)
    Mass_Memory_Size                         0x20000088   Data           8  mass_mal.o(.data)
    Mass_Block_Size                          0x20000090   Data           4  mass_mal.o(.data)
    Mass_Block_Count                         0x20000094   Data           4  mass_mal.o(.data)
    Block_Read_count                         0x20000098   Data           4  memory.o(.data)
    Block_offset                             0x2000009c   Data           4  memory.o(.data)
    Counter                                  0x200000a0   Data           4  memory.o(.data)
    Idx                                      0x200000a4   Data           4  memory.o(.data)
    Data_Buffer                              0x200000a8   Data           4  memory.o(.data)
    TransferState                            0x200000ac   Data           1  memory.o(.data)
    USB_STATUS_REG                           0x200000ad   Data           1  memory.o(.data)
    Page00_Inquiry_Data                      0x200000c0   Data           5  scsi_data.o(.data)
    Standard_Inquiry_Data                    0x200000c5   Data          37  scsi_data.o(.data)
    Standard_Inquiry_Data2                   0x200000ea   Data          36  scsi_data.o(.data)
    Mode_Sense6_data                         0x2000010e   Data           4  scsi_data.o(.data)
    Mode_Sense10_data                        0x20000112   Data           8  scsi_data.o(.data)
    Scsi_Sense_Data                          0x2000011a   Data          18  scsi_data.o(.data)
    ReadCapacity10_Data                      0x2000012c   Data           8  scsi_data.o(.data)
    ReadFormatCapacity_Data                  0x20000134   Data          12  scsi_data.o(.data)
    Bot_State                                0x20000140   Data           1  usb_bot.o(.data)
    Bulk_Data_Buff                           0x20000144   Data           4  usb_bot.o(.data)
    Data_Len                                 0x20000148   Data           2  usb_bot.o(.data)
    SCSI_LBA                                 0x2000014c   Data           4  usb_bot.o(.data)
    SCSI_BlkLen                              0x20000150   Data           4  usb_bot.o(.data)
    MASS_StringSerial                        0x20000154   Data          26  usb_desc.o(.data)
    wIstr                                    0x20000170   Data           2  usb_istr.o(.data)
    bIntPackSOF                              0x20000172   Data           1  usb_istr.o(.data)
    pEpInt_IN                                0x20000174   Data          28  usb_istr.o(.data)
    pEpInt_OUT                               0x20000190   Data          28  usb_istr.o(.data)
    Max_Lun                                  0x200001ac   Data           4  usb_prop.o(.data)
    Device_Table                             0x200001b0   Data           2  usb_prop.o(.data)
    Device_Property                          0x200001b4   Data          48  usb_prop.o(.data)
    User_Standard_Requests                   0x200001e4   Data          36  usb_prop.o(.data)
    Device_Descriptor                        0x20000208   Data           8  usb_prop.o(.data)
    Config_Descriptor                        0x20000210   Data           8  usb_prop.o(.data)
    String_Descriptor                        0x20000218   Data          40  usb_prop.o(.data)
    bDeviceState                             0x20000240   Data           4  usb_pwr.o(.data)
    fSuspendEnabled                          0x20000244   Data           1  usb_pwr.o(.data)
    ResumeS                                  0x20000245   Data           2  usb_pwr.o(.data)
    remotewakeupon                           0x20000248   Data           4  usb_pwr.o(.data)
    FILE_TYPE_TBL                            0x2000024c   Data         312  exfuns.o(.data)
    fs                                       0x20000384   Data           4  exfuns.o(.data)
    file                                     0x20000388   Data           4  exfuns.o(.data)
    ftemp                                    0x2000038c   Data           4  exfuns.o(.data)
    br                                       0x20000390   Data           4  exfuns.o(.data)
    bw                                       0x20000394   Data           4  exfuns.o(.data)
    fatbuf                                   0x20000398   Data           4  exfuns.o(.data)
    FLASH_SECTOR_COUNT                       0x2000039c   Data           2  diskio.o(.data)
    sys_cmd_tab                              0x200003ac   Data          28  usmart.o(.data)
    usmart_nametab                           0x200003c8   Data         224  usmart_config.o(.data)
    usmart_dev                               0x200004a8   Data         244  usmart_config.o(.data)
    USART2_TX_BUF                            0x2000059c   Data         200  isp.o(.bss)
    cfilename                                0x20000664   Data         120  isp.o(.bss)
    SPI_InitStructure                        0x200006dc   Data          18  spi.o(.bss)
    SPI_FLASH_BUF                            0x200006ee   Data        4096  flash.o(.bss)
    USART_RX_BUF                             0x200016ee   Data         200  usart.o(.bss)
    membase                                  0x200017b8   Data       11776  malloc.o(.bss)
    memmapbase                               0x200045b8   Data         736  malloc.o(.bss)
    Device_Info                              0x20004898   Data          28  usb_init.o(.bss)
    CBW                                      0x200048b4   Data          32  usb_bot.o(.bss)
    CSW                                      0x200048d4   Data          16  usb_bot.o(.bss)
    fileinfo                                 0x200048e4   Data          32  exfuns.o(.bss)
    dir                                      0x20004904   Data          36  exfuns.o(.bss)
    __libspace_start                         0x20004928   Data          96  libspace.o(.bss)
    __temporary_stack_top$libspace           0x20004988   Data           0  libspace.o(.bss)



==============================================================================

Memory Map of the image

  Image Entry point : 0x08000131

  Load Region LR_IROM1 (Base: 0x08000000, Size: 0x0001c57c, Max: 0x00040000, ABSOLUTE, COMPRESSED[0x0001c1f4])

    Execution Region ER_IROM1 (Exec base: 0x08000000, Load base: 0x08000000, Size: 0x0001bfe0, Max: 0x00040000, ABSOLUTE)

    Exec Addr    Load Addr    Size         Type   Attr      Idx    E Section Name        Object

    0x08000000   0x08000000   0x00000130   Data   RO          385    RESET               startup_stm32f10x_hd.o
    0x08000130   0x08000130   0x00000008   Code   RO         1047  * !!!main             c_w.l(__main.o)
    0x08000138   0x08000138   0x00000034   Code   RO         1231    !!!scatter          c_w.l(__scatter.o)
    0x0800016c   0x0800016c   0x0000005a   Code   RO         1229    !!dczerorl2         c_w.l(__dczerorl2.o)
    0x080001c6   0x080001c6   0x00000002   PAD
    0x080001c8   0x080001c8   0x0000001c   Code   RO         1233    !!handler_zi        c_w.l(__scatter_zi.o)
    0x080001e4   0x080001e4   0x00000000   Code   RO         1040    .ARM.Collect$$_printf_percent$$00000000  c_w.l(_printf_percent.o)
    0x080001e4   0x080001e4   0x00000006   Code   RO         1038    .ARM.Collect$$_printf_percent$$00000009  c_w.l(_printf_d.o)
    0x080001ea   0x080001ea   0x00000006   Code   RO         1039    .ARM.Collect$$_printf_percent$$0000000A  c_w.l(_printf_u.o)
    0x080001f0   0x080001f0   0x00000006   Code   RO         1037    .ARM.Collect$$_printf_percent$$0000000C  c_w.l(_printf_x.o)
    0x080001f6   0x080001f6   0x00000006   Code   RO         1035    .ARM.Collect$$_printf_percent$$00000013  c_w.l(_printf_c.o)
    0x080001fc   0x080001fc   0x00000006   Code   RO         1036    .ARM.Collect$$_printf_percent$$00000014  c_w.l(_printf_s.o)
    0x08000202   0x08000202   0x00000004   Code   RO         1060    .ARM.Collect$$_printf_percent$$00000017  c_w.l(_printf_percent_end.o)
    0x08000206   0x08000206   0x00000002   Code   RO         1099    .ARM.Collect$$libinit$$00000000  c_w.l(libinit.o)
    0x08000208   0x08000208   0x00000000   Code   RO         1110    .ARM.Collect$$libinit$$00000002  c_w.l(libinit2.o)
    0x08000208   0x08000208   0x00000000   Code   RO         1112    .ARM.Collect$$libinit$$00000004  c_w.l(libinit2.o)
    0x08000208   0x08000208   0x00000000   Code   RO         1115    .ARM.Collect$$libinit$$0000000A  c_w.l(libinit2.o)
    0x08000208   0x08000208   0x00000000   Code   RO         1117    .ARM.Collect$$libinit$$0000000C  c_w.l(libinit2.o)
    0x08000208   0x08000208   0x00000000   Code   RO         1119    .ARM.Collect$$libinit$$0000000E  c_w.l(libinit2.o)
    0x08000208   0x08000208   0x00000000   Code   RO         1122    .ARM.Collect$$libinit$$00000011  c_w.l(libinit2.o)
    0x08000208   0x08000208   0x00000000   Code   RO         1124    .ARM.Collect$$libinit$$00000013  c_w.l(libinit2.o)
    0x08000208   0x08000208   0x00000000   Code   RO         1126    .ARM.Collect$$libinit$$00000015  c_w.l(libinit2.o)
    0x08000208   0x08000208   0x00000000   Code   RO         1128    .ARM.Collect$$libinit$$00000017  c_w.l(libinit2.o)
    0x08000208   0x08000208   0x00000000   Code   RO         1130    .ARM.Collect$$libinit$$00000019  c_w.l(libinit2.o)
    0x08000208   0x08000208   0x00000000   Code   RO         1132    .ARM.Collect$$libinit$$0000001B  c_w.l(libinit2.o)
    0x08000208   0x08000208   0x00000000   Code   RO         1134    .ARM.Collect$$libinit$$0000001D  c_w.l(libinit2.o)
    0x08000208   0x08000208   0x00000000   Code   RO         1136    .ARM.Collect$$libinit$$0000001F  c_w.l(libinit2.o)
    0x08000208   0x08000208   0x00000000   Code   RO         1138    .ARM.Collect$$libinit$$00000021  c_w.l(libinit2.o)
    0x08000208   0x08000208   0x00000000   Code   RO         1140    .ARM.Collect$$libinit$$00000023  c_w.l(libinit2.o)
    0x08000208   0x08000208   0x00000000   Code   RO         1142    .ARM.Collect$$libinit$$00000025  c_w.l(libinit2.o)
    0x08000208   0x08000208   0x00000000   Code   RO         1146    .ARM.Collect$$libinit$$0000002C  c_w.l(libinit2.o)
    0x08000208   0x08000208   0x00000000   Code   RO         1148    .ARM.Collect$$libinit$$0000002E  c_w.l(libinit2.o)
    0x08000208   0x08000208   0x00000000   Code   RO         1150    .ARM.Collect$$libinit$$00000030  c_w.l(libinit2.o)
    0x08000208   0x08000208   0x00000000   Code   RO         1152    .ARM.Collect$$libinit$$00000032  c_w.l(libinit2.o)
    0x08000208   0x08000208   0x00000002   Code   RO         1153    .ARM.Collect$$libinit$$00000033  c_w.l(libinit2.o)
    0x0800020a   0x0800020a   0x00000002   Code   RO         1181    .ARM.Collect$$libshutdown$$00000000  c_w.l(libshutdown.o)
    0x0800020c   0x0800020c   0x00000000   Code   RO         1195    .ARM.Collect$$libshutdown$$00000002  c_w.l(libshutdown2.o)
    0x0800020c   0x0800020c   0x00000000   Code   RO         1197    .ARM.Collect$$libshutdown$$00000004  c_w.l(libshutdown2.o)
    0x0800020c   0x0800020c   0x00000000   Code   RO         1200    .ARM.Collect$$libshutdown$$00000007  c_w.l(libshutdown2.o)
    0x0800020c   0x0800020c   0x00000000   Code   RO         1203    .ARM.Collect$$libshutdown$$0000000A  c_w.l(libshutdown2.o)
    0x0800020c   0x0800020c   0x00000000   Code   RO         1205    .ARM.Collect$$libshutdown$$0000000C  c_w.l(libshutdown2.o)
    0x0800020c   0x0800020c   0x00000000   Code   RO         1208    .ARM.Collect$$libshutdown$$0000000F  c_w.l(libshutdown2.o)
    0x0800020c   0x0800020c   0x00000002   Code   RO         1209    .ARM.Collect$$libshutdown$$00000010  c_w.l(libshutdown2.o)
    0x0800020e   0x0800020e   0x00000000   Code   RO         1051    .ARM.Collect$$rtentry$$00000000  c_w.l(__rtentry.o)
    0x0800020e   0x0800020e   0x00000000   Code   RO         1062    .ARM.Collect$$rtentry$$00000002  c_w.l(__rtentry2.o)
    0x0800020e   0x0800020e   0x00000006   Code   RO         1074    .ARM.Collect$$rtentry$$00000004  c_w.l(__rtentry4.o)
    0x08000214   0x08000214   0x00000000   Code   RO         1064    .ARM.Collect$$rtentry$$00000009  c_w.l(__rtentry2.o)
    0x08000214   0x08000214   0x00000004   Code   RO         1065    .ARM.Collect$$rtentry$$0000000A  c_w.l(__rtentry2.o)
    0x08000218   0x08000218   0x00000000   Code   RO         1067    .ARM.Collect$$rtentry$$0000000C  c_w.l(__rtentry2.o)
    0x08000218   0x08000218   0x00000008   Code   RO         1068    .ARM.Collect$$rtentry$$0000000D  c_w.l(__rtentry2.o)
    0x08000220   0x08000220   0x00000002   Code   RO         1103    .ARM.Collect$$rtexit$$00000000  c_w.l(rtexit.o)
    0x08000222   0x08000222   0x00000000   Code   RO         1155    .ARM.Collect$$rtexit$$00000002  c_w.l(rtexit2.o)
    0x08000222   0x08000222   0x00000004   Code   RO         1156    .ARM.Collect$$rtexit$$00000003  c_w.l(rtexit2.o)
    0x08000226   0x08000226   0x00000006   Code   RO         1157    .ARM.Collect$$rtexit$$00000004  c_w.l(rtexit2.o)
    0x0800022c   0x0800022c   0x000001fc   Code   RO            1    .text               main.o
    0x08000428   0x08000428   0x0000001a   Code   RO          167    .text               stm32f10x_it.o
    0x08000442   0x08000442   0x00000002   PAD
    0x08000444   0x08000444   0x000001e0   Code   RO          202    .text               system_stm32f10x.o
    0x08000624   0x08000624   0x00000c04   Code   RO          220    .text               isp.o
    0x08001228   0x08001228   0x00000050   Code   RO          242    .text               led.o
    0x08001278   0x08001278   0x000000fc   Code   RO          254    .text               key.o
    0x08001374   0x08001374   0x000000e0   Code   RO          267    .text               spi.o
    0x08001454   0x08001454   0x000003c0   Code   RO          285    .text               flash.o
    0x08001814   0x08001814   0x00000c68   Code   RO          304    .text               tftlcd.o
    0x0800247c   0x0800247c   0x000000d4   Code   RO          323    .text               delay.o
    0x08002550   0x08002550   0x0000000c   Code   RO          337    .text               sys.o
    0x0800255c   0x0800255c   0x00000148   Code   RO          349    .text               usart.o
    0x080026a4   0x080026a4   0x00000040   Code   RO          386    .text               startup_stm32f10x_hd.o
    0x080026e4   0x080026e4   0x0000035c   Code   RO          390    .text               stm32f10x_gpio.o
    0x08002a40   0x08002a40   0x000003a4   Code   RO          402    .text               stm32f10x_rcc.o
    0x08002de4   0x08002de4   0x00000408   Code   RO          416    .text               stm32f10x_usart.o
    0x080031ec   0x080031ec   0x000000dc   Code   RO          428    .text               misc.o
    0x080032c8   0x080032c8   0x0000030c   Code   RO          440    .text               stm32f10x_spi.o
    0x080035d4   0x080035d4   0x0000011c   Code   RO          452    .text               stm32f10x_exti.o
    0x080036f0   0x080036f0   0x00000e1a   Code   RO          464    .text               stm32f10x_tim.o
    0x0800450a   0x0800450a   0x00000002   PAD
    0x0800450c   0x0800450c   0x000001a0   Code   RO          476    .text               malloc.o
    0x080046ac   0x080046ac   0x00000b50   Code   RO          496    .text               usb_core.o
    0x080051fc   0x080051fc   0x0000003c   Code   RO          514    .text               usb_init.o
    0x08005238   0x08005238   0x0000033c   Code   RO          537    .text               usb_int.o
    0x08005574   0x08005574   0x0000005c   Code   RO          561    .text               usb_mem.o
    0x080055d0   0x080055d0   0x00000808   Code   RO          573    .text               usb_regs.o
    0x08005dd8   0x08005dd8   0x00000080   Code   RO          585    .text               usb_sil.o
    0x08005e58   0x08005e58   0x00000134   Code   RO          597    .text               hw_config.o
    0x08005f8c   0x08005f8c   0x0000007a   Code   RO          623    .text               mass_mal.o
    0x08006006   0x08006006   0x00000002   PAD
    0x08006008   0x08006008   0x0000025c   Code   RO          645    .text               memory.o
    0x08006264   0x08006264   0x0000001c   Code   RO          681    .text               stm32_it.o
    0x08006280   0x08006280   0x000004a0   Code   RO          696    .text               usb_bot.o
    0x08006720   0x08006720   0x00000010   Code   RO          730    .text               usb_endp.o
    0x08006730   0x08006730   0x000000f8   Code   RO          742    .text               usb_istr.o
    0x08006828   0x08006828   0x0000026c   Code   RO          760    .text               usb_prop.o
    0x08006a94   0x08006a94   0x00000158   Code   RO          787    .text               usb_pwr.o
    0x08006bec   0x08006bec   0x0000041c   Code   RO          806    .text               usb_scsi.o
    0x08007008   0x08007008   0x0000018c   Code   RO          819    .text               exfuns.o
    0x08007194   0x08007194   0x0000069c   Code   RO          852    .text               fattester.o
    0x08007830   0x08007830   0x00000140   Code   RO          868    .text               diskio.o
    0x08007970   0x08007970   0x000034b2   Code   RO          890    .text               ff.o
    0x0800ae22   0x0800ae22   0x00000002   PAD
    0x0800ae24   0x0800ae24   0x000000b4   Code   RO          908    .text               cc932.o
    0x0800aed8   0x0800aed8   0x00000c40   Code   RO          931    .text               usmart.o
    0x0800bb18   0x0800bb18   0x00000528   Code   RO          964    .text               usmart_str.o
    0x0800c040   0x0800c040   0x00000002   Code   RO          978    .text               c_w.l(use_no_semi_2.o)
    0x0800c042   0x0800c042   0x00000048   Code   RO          980    .text               c_w.l(llsdiv.o)
    0x0800c08a   0x0800c08a   0x00000002   PAD
    0x0800c08c   0x0800c08c   0x00000018   Code   RO          984    .text               c_w.l(noretval__2printf.o)
    0x0800c0a4   0x0800c0a4   0x0000004e   Code   RO          988    .text               c_w.l(_printf_pad.o)
    0x0800c0f2   0x0800c0f2   0x00000052   Code   RO          990    .text               c_w.l(_printf_str.o)
    0x0800c144   0x0800c144   0x00000078   Code   RO          992    .text               c_w.l(_printf_dec.o)
    0x0800c1bc   0x0800c1bc   0x00000058   Code   RO          997    .text               c_w.l(_printf_hex_int.o)
    0x0800c214   0x0800c214   0x00000188   Code   RO         1032    .text               c_w.l(__printf_flags_ss_wp.o)
    0x0800c39c   0x0800c39c   0x00000048   Code   RO         1041    .text               c_w.l(strcpy.o)
    0x0800c3e4   0x0800c3e4   0x00000080   Code   RO         1043    .text               c_w.l(strcmpv7m.o)
    0x0800c464   0x0800c464   0x00000006   Code   RO         1045    .text               c_w.l(heapauxi.o)
    0x0800c46a   0x0800c46a   0x00000002   Code   RO         1049    .text               c_w.l(use_no_semi.o)
    0x0800c46c   0x0800c46c   0x000000ee   Code   RO         1052    .text               c_w.l(lludivv7m.o)
    0x0800c55a   0x0800c55a   0x000000b2   Code   RO         1054    .text               c_w.l(_printf_intcommon.o)
    0x0800c60c   0x0800c60c   0x0000002c   Code   RO         1056    .text               c_w.l(_printf_char.o)
    0x0800c638   0x0800c638   0x00000024   Code   RO         1058    .text               c_w.l(_printf_char_file.o)
    0x0800c65c   0x0800c65c   0x00000030   Code   RO         1080    .text               c_w.l(_printf_char_common.o)
    0x0800c68c   0x0800c68c   0x00000008   Code   RO         1082    .text               c_w.l(ferror.o)
    0x0800c694   0x0800c694   0x0000004a   Code   RO         1086    .text               c_w.l(sys_stackheap_outer.o)
    0x0800c6de   0x0800c6de   0x00000012   Code   RO         1092    .text               c_w.l(exit.o)
    0x0800c6f0   0x0800c6f0   0x00000008   Code   RO         1100    .text               c_w.l(libspace.o)
    0x0800c6f8   0x0800c6f8   0x0000000e   Code   RO         1025    i._is_digit         c_w.l(__printf_wp.o)
    0x0800c706   0x0800c706   0x000009b9   Data   RO          305    .constdata          tftlcd.o
    0x0800d0bf   0x0800d0bf   0x00000080   Data   RO          717    .constdata          usb_desc.o
    0x0800d13f   0x0800d13f   0x00000001   PAD
    0x0800d140   0x0800d140   0x0000003a   Data   RO          891    .constdata          ff.o
    0x0800d17a   0x0800d17a   0x0000eab0   Data   RO          909    .constdata          cc932.o
    0x0801bc2a   0x0801bc2a   0x00000028   Data   RO          998    .constdata          c_w.l(_printf_hex_int.o)
    0x0801bc52   0x0801bc52   0x00000011   Data   RO         1033    .constdata          c_w.l(__printf_flags_ss_wp.o)
    0x0801bc63   0x0801bc63   0x00000001   PAD
    0x0801bc64   0x0801bc64   0x00000064   Data   RO          821    .conststring        exfuns.o
    0x0801bcc8   0x0801bcc8   0x00000028   Data   RO          932    .conststring        usmart.o
    0x0801bcf0   0x0801bcf0   0x000002cd   Data   RO          947    .conststring        usmart_config.o
    0x0801bfbd   0x0801bfbd   0x00000003   PAD
    0x0801bfc0   0x0801bfc0   0x00000020   Data   RO         1227    Region$$Table       anon$$obj.o


    Execution Region RW_IRAM1 (Exec base: 0x20000000, Load base: 0x0801bfe0, Size: 0x00004f88, Max: 0x0000c000, ABSOLUTE, COMPRESSED[0x00000214])

    Exec Addr    Load Addr    Size         Type   Attr      Idx    E Section Name        Object

    0x20000000   COMPRESSED   0x00000014   Data   RW          203    .data               system_stm32f10x.o
    0x20000014   COMPRESSED   0x0000001d   Data   RW          222    .data               isp.o
    0x20000031   COMPRESSED   0x00000001   Data   RW          255    .data               key.o
    0x20000032   COMPRESSED   0x00000002   Data   RW          287    .data               flash.o
    0x20000034   COMPRESSED   0x00000001   Data   RW          306    .data               tftlcd.o
    0x20000035   COMPRESSED   0x00000001   PAD
    0x20000036   COMPRESSED   0x00000004   Data   RW          324    .data               delay.o
    0x2000003a   COMPRESSED   0x00000002   PAD
    0x2000003c   COMPRESSED   0x00000006   Data   RW          351    .data               usart.o
    0x20000042   COMPRESSED   0x00000014   Data   RW          403    .data               stm32f10x_rcc.o
    0x20000056   COMPRESSED   0x00000002   PAD
    0x20000058   COMPRESSED   0x00000014   Data   RW          479    .data               malloc.o
    0x2000006c   COMPRESSED   0x00000003   Data   RW          497    .data               usb_core.o
    0x2000006f   COMPRESSED   0x00000001   PAD
    0x20000070   COMPRESSED   0x00000014   Data   RW          516    .data               usb_init.o
    0x20000084   COMPRESSED   0x00000004   Data   RW          538    .data               usb_int.o
    0x20000088   COMPRESSED   0x00000010   Data   RW          624    .data               mass_mal.o
    0x20000098   COMPRESSED   0x00000028   Data   RW          646    .data               memory.o
    0x200000c0   COMPRESSED   0x00000080   Data   RW          669    .data               scsi_data.o
    0x20000140   COMPRESSED   0x00000014   Data   RW          698    .data               usb_bot.o
    0x20000154   COMPRESSED   0x0000001a   Data   RW          718    .data               usb_desc.o
    0x2000016e   COMPRESSED   0x00000002   PAD
    0x20000170   COMPRESSED   0x0000003c   Data   RW          743    .data               usb_istr.o
    0x200001ac   COMPRESSED   0x00000094   Data   RW          761    .data               usb_prop.o
    0x20000240   COMPRESSED   0x0000000c   Data   RW          789    .data               usb_pwr.o
    0x2000024c   COMPRESSED   0x00000150   Data   RW          822    .data               exfuns.o
    0x2000039c   COMPRESSED   0x00000002   Data   RW          869    .data               diskio.o
    0x2000039e   COMPRESSED   0x00000002   PAD
    0x200003a0   COMPRESSED   0x0000000a   Data   RW          892    .data               ff.o
    0x200003aa   COMPRESSED   0x00000002   PAD
    0x200003ac   COMPRESSED   0x0000001c   Data   RW          933    .data               usmart.o
    0x200003c8   COMPRESSED   0x000001d4   Data   RW          948    .data               usmart_config.o
    0x2000059c        -       0x00000140   Zero   RW          221    .bss                isp.o
    0x200006dc        -       0x00000012   Zero   RW          268    .bss                spi.o
    0x200006ee        -       0x00001000   Zero   RW          286    .bss                flash.o
    0x200016ee        -       0x000000c8   Zero   RW          350    .bss                usart.o
    0x200017b6   COMPRESSED   0x00000002   PAD
    0x200017b8        -       0x000030e0   Zero   RW          477    .bss                malloc.o
    0x20004898        -       0x0000001c   Zero   RW          515    .bss                usb_init.o
    0x200048b4        -       0x00000030   Zero   RW          697    .bss                usb_bot.o
    0x200048e4        -       0x00000044   Zero   RW          820    .bss                exfuns.o
    0x20004928        -       0x00000060   Zero   RW         1101    .bss                c_w.l(libspace.o)
    0x20004988        -       0x00000200   Zero   RW          384    HEAP                startup_stm32f10x_hd.o
    0x20004b88        -       0x00000400   Zero   RW          383    STACK               startup_stm32f10x_hd.o


==============================================================================

Image component sizes


      Code (inc. data)   RO Data    RW Data    ZI Data      Debug   Object Name

       180         18      60080          0          0       2229   cc932.o
         0          0          0          0          0         32   core_cm3.o
       212         18          0          4          0       1035   delay.o
       320          8          0          2          0       4122   diskio.o
       396         16        100        336         68       5208   exfuns.o
      1692        638          0          0          0       5876   fattester.o
     13490        138         58         10          0      35730   ff.o
       960         20          0          2       4096       4871   flash.o
       308         26          0          0          0       2732   hw_config.o
      3076        566          0         29        320       6094   isp.o
       252         16          0          1          0        836   key.o
        80          8          0          0          0        495   led.o
       508        156          0          0          0     279425   main.o
       416          6          0         20      12512       3977   malloc.o
       122          0          0         16          0       2520   mass_mal.o
       604         64          0         40          0       2365   memory.o
       220         22          0          0          0       1793   misc.o
         0          0          0        128          0       1042   scsi_data.o
       224         12          0          0         18       1289   spi.o
        64         26        304          0       1536        796   startup_stm32f10x_hd.o
        28          0          0          0          0        756   stm32_it.o
       284         10          0          0          0       2251   stm32f10x_exti.o
       860         38          0          0          0       5729   stm32f10x_gpio.o
        26          0          0          0          0       1178   stm32f10x_it.o
       932         36          0         20          0       8908   stm32f10x_rcc.o
       780         14          0          0          0       6610   stm32f10x_spi.o
      3610         88          0          0          0      22836   stm32f10x_tim.o
      1032         22          0          0          0       8452   stm32f10x_usart.o
        12          0          0          0          0        449   sys.o
       480         38          0         20          0       1731   system_stm32f10x.o
      3176         30       2489          1          0       8599   tftlcd.o
       328         18          0          6        200       3174   usart.o
      1184         70          0         20         48       2825   usb_bot.o
      2896        114          0          3          0       8359   usb_core.o
         0          0        128         26          0        952   usb_desc.o
        16          0          0          0          0        583   usb_endp.o
        60         24          0         20         28       3958   usb_init.o
       828         34          0          4          0       1807   usb_int.o
       248         26          0         60          0       1376   usb_istr.o
        92          6          0          0          0       1318   usb_mem.o
       620         48          0        148          0       7032   usb_prop.o
       344         26          0         12          0       2727   usb_pwr.o
      2056         20          0          0          0      11893   usb_regs.o
      1052         48          0          0          0       4769   usb_scsi.o
       128          8          0          0          0       1382   usb_sil.o
      3136       1288         40         28          0       4322   usmart.o
         0          0        717        468          0       1620   usmart_config.o
      1320         12          0          0          0       5225   usmart_str.o

    ----------------------------------------------------------------------
     48660       3776      63952       1436      18828     493288   Object Totals
         0          0         32          0          0          0   (incl. Generated)
         8          0          4         12          2          0   (incl. Padding)

    ----------------------------------------------------------------------

      Code (inc. data)   RO Data    RW Data    ZI Data      Debug   Library Member Name

        90          0          0          0          0          0   __dczerorl2.o
         8          0          0          0          0         68   __main.o
       392          4         17          0          0         92   __printf_flags_ss_wp.o
        14          0          0          0          0         68   __printf_wp.o
         0          0          0          0          0          0   __rtentry.o
        12          0          0          0          0          0   __rtentry2.o
         6          0          0          0          0          0   __rtentry4.o
        52          8          0          0          0          0   __scatter.o
        28          0          0          0          0          0   __scatter_zi.o
         6          0          0          0          0          0   _printf_c.o
        44          0          0          0          0        108   _printf_char.o
        48          6          0          0          0         96   _printf_char_common.o
        36          4          0          0          0         80   _printf_char_file.o
         6          0          0          0          0          0   _printf_d.o
       120         16          0          0          0         92   _printf_dec.o
        88          4         40          0          0         88   _printf_hex_int.o
       178          0          0          0          0         88   _printf_intcommon.o
        78          0          0          0          0        108   _printf_pad.o
         0          0          0          0          0          0   _printf_percent.o
         4          0          0          0          0          0   _printf_percent_end.o
         6          0          0          0          0          0   _printf_s.o
        82          0          0          0          0         80   _printf_str.o
         6          0          0          0          0          0   _printf_u.o
         6          0          0          0          0          0   _printf_x.o
        18          0          0          0          0         80   exit.o
         8          0          0          0          0         68   ferror.o
         6          0          0          0          0        152   heapauxi.o
         2          0          0          0          0          0   libinit.o
         2          0          0          0          0          0   libinit2.o
         2          0          0          0          0          0   libshutdown.o
         2          0          0          0          0          0   libshutdown2.o
         8          4          0          0         96         68   libspace.o
        72          0          0          0          0         76   llsdiv.o
       238          0          0          0          0        100   lludivv7m.o
        24          4          0          0          0         84   noretval__2printf.o
         2          0          0          0          0          0   rtexit.o
        10          0          0          0          0          0   rtexit2.o
       128          0          0          0          0         68   strcmpv7m.o
        72          0          0          0          0         80   strcpy.o
        74          0          0          0          0         80   sys_stackheap_outer.o
         2          0          0          0          0         68   use_no_semi.o
         2          0          0          0          0         68   use_no_semi_2.o

    ----------------------------------------------------------------------
      1986         50         58          0         96       1960   Library Totals
         4          0          1          0          0          0   (incl. Padding)

    ----------------------------------------------------------------------

      Code (inc. data)   RO Data    RW Data    ZI Data      Debug   Library Name

      1982         50         57          0         96       1960   c_w.l

    ----------------------------------------------------------------------
      1986         50         58          0         96       1960   Library Totals

    ----------------------------------------------------------------------

==============================================================================


      Code (inc. data)   RO Data    RW Data    ZI Data      Debug   

     50646       3826      64010       1436      18924     490252   Grand Totals
     50646       3826      64010        532      18924     490252   ELF Image Totals (compressed)
     50646       3826      64010        532          0          0   ROM Totals

==============================================================================

    Total RO  Size (Code + RO Data)               114656 ( 111.97kB)
    Total RW  Size (RW Data + ZI Data)             20360 (  19.88kB)
    Total ROM Size (Code + RO Data + RW Data)     115188 ( 112.49kB)

==============================================================================

